Archive member included to satisfy reference by file (symbol)

d:/micro controller lab/tool/stm32cubeide/stm32cubeide_1.7.0/stm32cubeide/plugins/com.st.stm32cube.ide.mcu.externaltools.gnu-tools-for-stm32.9-2020-q2-update.win32_2.0.0.202105311346/tools/bin/../lib/gcc/arm-none-eabi/9.3.1/../../../../arm-none-eabi/lib/thumb/v7-m/nofp\libc_nano.a(lib_a-errno.o)
                              ./Core/Src/syscalls.o (__errno)
d:/micro controller lab/tool/stm32cubeide/stm32cubeide_1.7.0/stm32cubeide/plugins/com.st.stm32cube.ide.mcu.externaltools.gnu-tools-for-stm32.9-2020-q2-update.win32_2.0.0.202105311346/tools/bin/../lib/gcc/arm-none-eabi/9.3.1/../../../../arm-none-eabi/lib/thumb/v7-m/nofp\libc_nano.a(lib_a-exit.o)
                              d:/micro controller lab/tool/stm32cubeide/stm32cubeide_1.7.0/stm32cubeide/plugins/com.st.stm32cube.ide.mcu.externaltools.gnu-tools-for-stm32.9-2020-q2-update.win32_2.0.0.202105311346/tools/bin/../lib/gcc/arm-none-eabi/9.3.1/../../../../arm-none-eabi/lib/thumb/v7-m/nofp/crt0.o (exit)
d:/micro controller lab/tool/stm32cubeide/stm32cubeide_1.7.0/stm32cubeide/plugins/com.st.stm32cube.ide.mcu.externaltools.gnu-tools-for-stm32.9-2020-q2-update.win32_2.0.0.202105311346/tools/bin/../lib/gcc/arm-none-eabi/9.3.1/../../../../arm-none-eabi/lib/thumb/v7-m/nofp\libc_nano.a(lib_a-impure.o)
                              d:/micro controller lab/tool/stm32cubeide/stm32cubeide_1.7.0/stm32cubeide/plugins/com.st.stm32cube.ide.mcu.externaltools.gnu-tools-for-stm32.9-2020-q2-update.win32_2.0.0.202105311346/tools/bin/../lib/gcc/arm-none-eabi/9.3.1/../../../../arm-none-eabi/lib/thumb/v7-m/nofp\libc_nano.a(lib_a-exit.o) (_global_impure_ptr)
d:/micro controller lab/tool/stm32cubeide/stm32cubeide_1.7.0/stm32cubeide/plugins/com.st.stm32cube.ide.mcu.externaltools.gnu-tools-for-stm32.9-2020-q2-update.win32_2.0.0.202105311346/tools/bin/../lib/gcc/arm-none-eabi/9.3.1/../../../../arm-none-eabi/lib/thumb/v7-m/nofp\libc_nano.a(lib_a-init.o)
                              d:/micro controller lab/tool/stm32cubeide/stm32cubeide_1.7.0/stm32cubeide/plugins/com.st.stm32cube.ide.mcu.externaltools.gnu-tools-for-stm32.9-2020-q2-update.win32_2.0.0.202105311346/tools/bin/../lib/gcc/arm-none-eabi/9.3.1/../../../../arm-none-eabi/lib/thumb/v7-m/nofp/crt0.o (__libc_init_array)
d:/micro controller lab/tool/stm32cubeide/stm32cubeide_1.7.0/stm32cubeide/plugins/com.st.stm32cube.ide.mcu.externaltools.gnu-tools-for-stm32.9-2020-q2-update.win32_2.0.0.202105311346/tools/bin/../lib/gcc/arm-none-eabi/9.3.1/../../../../arm-none-eabi/lib/thumb/v7-m/nofp\libc_nano.a(lib_a-memset.o)
                              d:/micro controller lab/tool/stm32cubeide/stm32cubeide_1.7.0/stm32cubeide/plugins/com.st.stm32cube.ide.mcu.externaltools.gnu-tools-for-stm32.9-2020-q2-update.win32_2.0.0.202105311346/tools/bin/../lib/gcc/arm-none-eabi/9.3.1/../../../../arm-none-eabi/lib/thumb/v7-m/nofp/crt0.o (memset)
d:/micro controller lab/tool/stm32cubeide/stm32cubeide_1.7.0/stm32cubeide/plugins/com.st.stm32cube.ide.mcu.externaltools.gnu-tools-for-stm32.9-2020-q2-update.win32_2.0.0.202105311346/tools/bin/../lib/gcc/arm-none-eabi/9.3.1/../../../../arm-none-eabi/lib/thumb/v7-m/nofp\libc_nano.a(lib_a-sprintf.o)
                              ./Core/Src/uart.o (sprintf)
d:/micro controller lab/tool/stm32cubeide/stm32cubeide_1.7.0/stm32cubeide/plugins/com.st.stm32cube.ide.mcu.externaltools.gnu-tools-for-stm32.9-2020-q2-update.win32_2.0.0.202105311346/tools/bin/../lib/gcc/arm-none-eabi/9.3.1/../../../../arm-none-eabi/lib/thumb/v7-m/nofp\libc_nano.a(lib_a-nano-svfprintf.o)
                              d:/micro controller lab/tool/stm32cubeide/stm32cubeide_1.7.0/stm32cubeide/plugins/com.st.stm32cube.ide.mcu.externaltools.gnu-tools-for-stm32.9-2020-q2-update.win32_2.0.0.202105311346/tools/bin/../lib/gcc/arm-none-eabi/9.3.1/../../../../arm-none-eabi/lib/thumb/v7-m/nofp\libc_nano.a(lib_a-sprintf.o) (_svfprintf_r)
d:/micro controller lab/tool/stm32cubeide/stm32cubeide_1.7.0/stm32cubeide/plugins/com.st.stm32cube.ide.mcu.externaltools.gnu-tools-for-stm32.9-2020-q2-update.win32_2.0.0.202105311346/tools/bin/../lib/gcc/arm-none-eabi/9.3.1/../../../../arm-none-eabi/lib/thumb/v7-m/nofp\libc_nano.a(lib_a-nano-vfprintf_i.o)
                              d:/micro controller lab/tool/stm32cubeide/stm32cubeide_1.7.0/stm32cubeide/plugins/com.st.stm32cube.ide.mcu.externaltools.gnu-tools-for-stm32.9-2020-q2-update.win32_2.0.0.202105311346/tools/bin/../lib/gcc/arm-none-eabi/9.3.1/../../../../arm-none-eabi/lib/thumb/v7-m/nofp\libc_nano.a(lib_a-nano-svfprintf.o) (_printf_i)
d:/micro controller lab/tool/stm32cubeide/stm32cubeide_1.7.0/stm32cubeide/plugins/com.st.stm32cube.ide.mcu.externaltools.gnu-tools-for-stm32.9-2020-q2-update.win32_2.0.0.202105311346/tools/bin/../lib/gcc/arm-none-eabi/9.3.1/../../../../arm-none-eabi/lib/thumb/v7-m/nofp\libc_nano.a(lib_a-memchr-stub.o)
[...]
Memory Configuration

Name             Origin             Length             Attributes
RAM              0x0000000020000000 0x0000000000002800 xrw
FLASH            0x0000000008000000 0x0000000000008000 xr
*default*        0x0000000000000000 0xffffffffffffffff

Linker script and memory map

LOAD d:/micro controller lab/tool/stm32cubeide/stm32cubeide_1.7.0/stm32cubeide/plugins/com.st.stm32cube.ide.mcu.externaltools.gnu-tools-for-stm32.9-2020-q2-update.win32_2.0.0.202105311346/tools/bin/../lib/gcc/arm-none-eabi/9.3.1/thumb/v7-m/nofp/crti.o
LOAD d:/micro controller lab/tool/stm32cubeide/stm32cubeide_1.7.0/stm32cubeide/plugins/com.st.stm32cube.ide.mcu.externaltools.gnu-tools-for-stm32.9-2020-q2-update.win32_2.0.0.202105311346/tools/bin/../lib/gcc/arm-none-eabi/9.3.1/thumb/v7-m/nofp/crtbegin.o
LOAD d:/micro controller lab/tool/stm32cubeide/stm32cubeide_1.7.0/stm32cubeide/plugins/com.st.stm32cube.ide.mcu.externaltools.gnu-tools-for-stm32.9-2020-q2-update.win32_2.0.0.202105311346/tools/bin/../lib/gcc/arm-none-eabi/9.3.1/../../../../arm-none-eabi/lib/thumb/v7-m/nofp/crt0.o
LOAD ./Core/Src/button_reading.o
LOAD ./Core/Src/buzzer.o
LOAD ./Core/Src/display_traffic_light.o
LOAD ./Core/Src/fsm_pedestrian.o
LOAD ./Core/Src/fsm_traffic_light.o
LOAD ./Core/Src/global.o
LOAD ./Core/Src/main.o
LOAD ./Core/Src/stm32f1xx_hal_msp.o
LOAD ./Core/Src/stm32f1xx_it.o
LOAD ./Core/Src/syscalls.o
LOAD ./Core/Src/sysmem.o
LOAD ./Core/Src/system_stm32f1xx.o
LOAD ./Core/Src/timer.o
LOAD ./Core/Src/uart.o
LOAD ./Core/Startup/startup_stm32f103c6ux.o
LOAD ./Drivers/STM32F1xx_HAL_Driver/Src/stm32f1xx_hal.o
LOAD ./Drivers/STM32F1xx_HAL_Driver/Src/stm32f1xx_hal_cortex.o
LOAD ./Drivers/STM32F1xx_HAL_Driver/Src/stm32f1xx_hal_dma.o
LOAD ./Drivers/STM32F1xx_HAL_Driver/Src/stm32f1xx_hal_exti.o
LOAD ./Drivers/STM32F1xx_HAL_Driver/Src/stm32f1xx_hal_flash.o
LOAD ./Drivers/STM32F1xx_HAL_Driver/Src/stm32f1xx_hal_flash_ex.o
LOAD ./Drivers/STM32F1xx_HAL_Driver/Src/stm32f1xx_hal_gpio.o
LOAD ./Drivers/STM32F1xx_HAL_Driver/Src/stm32f1xx_hal_gpio_ex.o
LOAD ./Drivers/STM32F1xx_HAL_Driver/Src/stm32f1xx_hal_pwr.o
LOAD ./Drivers/STM32F1xx_HAL_Driver/Src/stm32f1xx_hal_rcc.o
LOAD ./Drivers/STM32F1xx_HAL_Driver/Src/stm32f1xx_hal_rcc_ex.o
LOAD ./Drivers/STM32F1xx_HAL_Driver/Src/stm32f1xx_hal_tim.o
LOAD ./Drivers/STM32F1xx_HAL_Driver/Src/stm32f1xx_hal_tim_ex.o
LOAD ./Drivers/STM32F1xx_HAL_Driver/Src/stm32f1xx_hal_uart.o
START GROUP
LOAD d:/micro controller lab/tool/stm32cubeide/stm32cubeide_1.7.0/stm32cubeide/plugins/com.st.stm32cube.ide.mcu.externaltools.gnu-tools-for-stm32.9-2020-q2-update.win32_2.0.0.202105311346/tools/bin/../lib/gcc/arm-none-eabi/9.3.1/../../../../arm-none-eabi/lib/thumb/v7-m/nofp\libc_nano.a
LOAD d:/micro controller lab/tool/stm32cubeide/stm32cubeide_1.7.0/stm32cubeide/plugins/com.st.stm32cube.ide.mcu.externaltools.gnu-tools-for-stm32.9-2020-q2-update.win32_2.0.0.202105311346/tools/bin/../lib/gcc/arm-none-eabi/9.3.1/../../../../arm-none-eabi/lib/thumb/v7-m/nofp\libm.a
END GROUP
START GROUP
LOAD d:/micro controller lab/tool/stm32cubeide/stm32cubeide_1.7.0/stm32cubeide/plugins/com.st.stm32cube.ide.mcu.externaltools.gnu-tools-for-stm32.9-2020-q2-update.win32_2.0.0.202105311346/tools/bin/../lib/gcc/arm-none-eabi/9.3.1/thumb/v7-m/nofp\libgcc.a
LOAD d:/micro controller lab/tool/stm32cubeide/stm32cubeide_1.7.0/stm32cubeide/plugins/com.st.stm32cube.ide.mcu.externaltools.gnu-tools-for-stm32.9-2020-q2-update.win32_2.0.0.202105311346/tools/bin/../lib/gcc/arm-none-eabi/9.3.1/../../../../arm-none-eabi/lib/thumb/v7-m/nofp\libc_nano.a
END GROUP
START GROUP
LOAD d:/micro controller lab/tool/stm32cubeide/stm32cubeide_1.7.0/stm32cubeide/plugins/com.st.stm32cube.ide.mcu.externaltools.gnu-tools-for-stm32.9-2020-q2-update.win32_2.0.0.202105311346/tools/bin/../lib/gcc/arm-none-eabi/9.3.1/thumb/v7-m/nofp\libgcc.a
LOAD d:/micro controller lab/tool/stm32cubeide/stm32cubeide_1.7.0/stm32cubeide/plugins/com.st.stm32cube.ide.mcu.externaltools.gnu-tools-for-stm32.9-2020-q2-update.win32_2.0.0.202105311346/tools/bin/../lib/gcc/arm-none-eabi/9.3.1/../../../../arm-none-eabi/lib/thumb/v7-m/nofp\libc_nano.a
LOAD d:/micro controller lab/tool/stm32cubeide/stm32cubeide_1.7.0/stm32cubeide/plugins/com.st.stm32cube.ide.mcu.externaltools.gnu-tools-for-stm32.9-2020-q2-update.win32_2.0.0.202105311346/tools/bin/../lib/gcc/arm-none-eabi/9.3.1/../../../../arm-none-eabi/lib/thumb/v7-m/nofp\libnosys.a
END GROUP
START GROUP
LOAD d:/micro controller lab/tool/stm32cubeide/stm32cubeide_1.7.0/stm32cubeide/plugins/com.st.stm32cube.ide.mcu.externaltools.gnu-tools-for-stm32.9-2020-q2-update.win32_2.0.0.202105311346/tools/bin/../lib/gcc/arm-none-eabi/9.3.1/thumb/v7-m/nofp\libgcc.a
LOAD d:/micro controller lab/tool/stm32cubeide/stm32cubeide_1.7.0/stm32cubeide/plugins/com.st.stm32cube.ide.mcu.externaltools.gnu-tools-for-stm32.9-2020-q2-update.win32_2.0.0.202105311346/tools/bin/../lib/gcc/arm-none-eabi/9.3.1/../../../../arm-none-eabi/lib/thumb/v7-m/nofp\libc_nano.a
LOAD d:/micro controller lab/tool/stm32cubeide/stm32cubeide_1.7.0/stm32cubeide/plugins/com.st.stm32cube.ide.mcu.externaltools.gnu-tools-for-stm32.9-2020-q2-update.win32_2.0.0.202105311346/tools/bin/../lib/gcc/arm-none-eabi/9.3.1/../../../../arm-none-eabi/lib/thumb/v7-m/nofp\libnosys.a
END GROUP
LOAD d:/micro controller lab/tool/stm32cubeide/stm32cubeide_1.7.0/stm32cubeide/plugins/com.st.stm32cube.ide.mcu.externaltools.gnu-tools-for-stm32.9-2020-q2-update.win32_2.0.0.202105311346/tools/bin/../lib/gcc/arm-none-eabi/9.3.1/thumb/v7-m/nofp/crtend.o
LOAD d:/micro controller lab/tool/stm32cubeide/stm32cubeide_1.7.0/stm32cubeide/plugins/com.st.stm32cube.ide.mcu.externaltools.gnu-tools-for-stm32.9-2020-q2-update.win32_2.0.0.202105311346/tools/bin/../lib/gcc/arm-none-eabi/9.3.1/thumb/v7-m/nofp/crtn.o
                0x0000000020002800                _estack = (ORIGIN (RAM) + LENGTH (RAM))
                0x0000000000000200                _Min_Heap_Size = 0x200
                0x0000000000000400                _Min_Stack_Size = 0x400

.isr_vector     0x0000000008000000      0x10c
                0x0000000008000000                . = ALIGN (0x4)
 *(.isr_vector)
 .isr_vector    0x0000000008000000      0x10c ./Core/Startup/startup_stm32f103c6ux.o
                0x0000000008000000                g_pfnVectors
                0x000000000800010c                . = ALIGN (0x4)

.text           0x000000000800010c     0x47ec
                0x000000000800010c                . = ALIGN (0x4)
 *(.text)
 .text          0x000000000800010c       0x40 d:/micro controller lab/tool/stm32cubeide/stm32cubeide_1.7.0/stm32cubeide/plugins/com.st.stm32cube.ide.mcu.externaltools.gnu-tools-for-stm32.9-2020-q2-update.win32_2.0.0.202105311346/tools/bin/../lib/gcc/arm-none-eabi/9.3.1/thumb/v7-m/nofp/crtbegin.o
 *(.text*)
 .text.button_reading
                0x000000000800014c      0x16c ./Core/Src/button_reading.o
                0x000000000800014c                button_reading
 .text.FSM_Buzzer
                0x00000000080002b8      0x124 ./Core/Src/buzzer.o
                0x00000000080002b8                FSM_Buzzer
 .text.display_traffic_light
                0x00000000080003dc      0x220 ./Core/Src/display_traffic_light.o
                0x00000000080003dc                display_traffic_light
 .text.FSM_Pedestrian
                0x00000000080005fc       0xec ./Core/Src/fsm_pedestrian.o
                0x00000000080005fc                FSM_Pedestrian
 .text.resetAllButtonState
                0x00000000080006e8       0x34 ./Core/Src/fsm_traffic_light.o
                0x00000000080006e8                resetAllButtonState
 .text.changeTime
                0x000000000800071c       0x28 ./Core/Src/fsm_traffic_light.o
                0x000000000800071c                changeTime
 .text.FSM_Traffic_Light_Row
                0x0000000008000744      0x4fc ./Core/Src/fsm_traffic_light.o
                0x0000000008000744                FSM_Traffic_Light_Row
 .text.FSM_Traffic_Light_Col
                0x0000000008000c40      0x118 ./Core/Src/fsm_traffic_light.o
                0x0000000008000c40                FSM_Traffic_Light_Col
 .text.main     0x0000000008000d58       0x5c ./Core/Src/main.o
                0x0000000008000d58                main
 .text.SystemClock_Config
                0x0000000008000db4       0x76 ./Core/Src/main.o
                0x0000000008000db4                SystemClock_Config
 *fill*         0x0000000008000e2a        0x2 
 .text.MX_TIM1_Init
                0x0000000008000e2c      0x140 ./Core/Src/main.o
 .text.MX_TIM2_Init
                0x0000000008000f6c       0x98 ./Core/Src/main.o
 .text.MX_USART1_UART_Init
                0x0000000008001004       0x54 ./Core/Src/main.o
 .text.MX_GPIO_Init
                0x0000000008001058       0x98 ./Core/Src/main.o
 .text.HAL_TIM_PeriodElapsedCallback
                0x00000000080010f0       0x18 ./Core/Src/main.o
                0x00000000080010f0                HAL_TIM_PeriodElapsedCallback
 .text.Error_Handler
                0x0000000008001108        0xa ./Core/Src/main.o
                0x0000000008001108                Error_Handler
 *fill*         0x0000000008001112        0x2 
 .text.HAL_MspInit
                0x0000000008001114       0x64 ./Core/Src/stm32f1xx_hal_msp.o
                0x0000000008001114                HAL_MspInit
 .text.HAL_TIM_Base_MspInit
                0x0000000008001178       0x70 ./Core/Src/stm32f1xx_hal_msp.o
                0x0000000008001178                HAL_TIM_Base_MspInit
 .text.HAL_TIM_MspPostInit
                0x00000000080011e8       0x68 ./Core/Src/stm32f1xx_hal_msp.o
                0x00000000080011e8                HAL_TIM_MspPostInit
 .text.HAL_UART_MspInit
                0x0000000008001250       0xa8 ./Core/Src/stm32f1xx_hal_msp.o
                0x0000000008001250                HAL_UART_MspInit
 .text.NMI_Handler
                0x00000000080012f8        0x6 ./Core/Src/stm32f1xx_it.o
                0x00000000080012f8                NMI_Handler
 .text.HardFault_Handler
                0x00000000080012fe        0x6 ./Core/Src/stm32f1xx_it.o
                0x00000000080012fe                HardFault_Handler
 .text.MemManage_Handler
                0x0000000008001304        0x6 ./Core/Src/stm32f1xx_it.o
                0x0000000008001304                MemManage_Handler
 .text.BusFault_Handler
                0x000000000800130a        0x6 ./Core/Src/stm32f1xx_it.o
                0x000000000800130a                BusFault_Handler
 .text.UsageFault_Handler
                0x0000000008001310        0x6 ./Core/Src/stm32f1xx_it.o
                0x0000000008001310                UsageFault_Handler
 .text.SVC_Handler
                0x0000000008001316        0xc ./Core/Src/stm32f1xx_it.o
                0x0000000008001316                SVC_Handler
 .text.DebugMon_Handler
                0x0000000008001322        0xc ./Core/Src/stm32f1xx_it.o
                0x0000000008001322                DebugMon_Handler
 .text.PendSV_Handler
                0x000000000800132e        0xc ./Core/Src/stm32f1xx_it.o
                0x000000000800132e                PendSV_Handler
 .text.SysTick_Handler
                0x000000000800133a        0xc ./Core/Src/stm32f1xx_it.o
                0x000000000800133a                SysTick_Handler
 *fill*         0x0000000008001346        0x2 
 .text.TIM2_IRQHandler
                0x0000000008001348       0x14 ./Core/Src/stm32f1xx_it.o
                0x0000000008001348                TIM2_IRQHandler
 .text.USART1_IRQHandler
                0x000000000800135c       0x14 ./Core/Src/stm32f1xx_it.o
                0x000000000800135c                USART1_IRQHandler
 .text._sbrk    0x0000000008001370       0x6c ./Core/Src/sysmem.o
                0x0000000008001370                _sbrk
 .text.SystemInit
                0x00000000080013dc        0xc ./Core/Src/system_stm32f1xx.o
                0x00000000080013dc                SystemInit
 .text.setTimer1
                0x00000000080013e8       0x28 ./Core/Src/timer.o
                0x00000000080013e8                setTimer1
 .text.setTimer2
                0x0000000008001410       0x28 ./Core/Src/timer.o
                0x0000000008001410                setTimer2
 .text.setTimer3
                0x0000000008001438       0x28 ./Core/Src/timer.o
                0x0000000008001438                setTimer3
 .text.setTimer4
                0x0000000008001460       0x28 ./Core/Src/timer.o
                0x0000000008001460                setTimer4
 .text.setTimer5
                0x0000000008001488       0x28 ./Core/Src/timer.o
                0x0000000008001488                setTimer5
 .text.timerRun
                0x00000000080014b0       0xd4 ./Core/Src/timer.o
                0x00000000080014b0                timerRun
 .text.uart_transmit
                0x0000000008001584      0x19c ./Core/Src/uart.o
                0x0000000008001584                uart_transmit
 .text.Reset_Handler
                0x0000000008001720       0x48 ./Core/Startup/startup_stm32f103c6ux.o
                0x0000000008001720                Reset_Handler
 .text.Default_Handler
                0x0000000008001768        0x2 ./Core/Startup/startup_stm32f103c6ux.o
                0x0000000008001768                RTC_Alarm_IRQHandler
                0x0000000008001768                EXTI2_IRQHandler
                0x0000000008001768                TIM1_CC_IRQHandler
                0x0000000008001768                PVD_IRQHandler
                0x0000000008001768                EXTI3_IRQHandler
                0x0000000008001768                EXTI0_IRQHandler
                0x0000000008001768                ADC1_2_IRQHandler
                0x0000000008001768                SPI1_IRQHandler
                0x0000000008001768                TAMPER_IRQHandler
                0x0000000008001768                DMA1_Channel4_IRQHandler
                0x0000000008001768                RTC_IRQHandler
                0x0000000008001768                DMA1_Channel7_IRQHandler
                0x0000000008001768                CAN1_RX1_IRQHandler
                0x0000000008001768                I2C1_EV_IRQHandler
                0x0000000008001768                DMA1_Channel6_IRQHandler
                0x0000000008001768                TIM3_IRQHandler
                0x0000000008001768                RCC_IRQHandler
                0x0000000008001768                TIM1_TRG_COM_IRQHandler
                0x0000000008001768                DMA1_Channel1_IRQHandler
                0x0000000008001768                Default_Handler
                0x0000000008001768                EXTI15_10_IRQHandler
                0x0000000008001768                EXTI9_5_IRQHandler
                0x0000000008001768                DMA1_Channel5_IRQHandler
                0x0000000008001768                EXTI4_IRQHandler
                0x0000000008001768                USB_LP_CAN1_RX0_IRQHandler
                0x0000000008001768                USB_HP_CAN1_TX_IRQHandler
                0x0000000008001768                DMA1_Channel3_IRQHandler
                0x0000000008001768                TIM1_UP_IRQHandler
                0x0000000008001768                WWDG_IRQHandler
                0x0000000008001768                TIM1_BRK_IRQHandler
                0x0000000008001768                EXTI1_IRQHandler
                0x0000000008001768                USART2_IRQHandler
                0x0000000008001768                DMA1_Channel2_IRQHandler
                0x0000000008001768                CAN1_SCE_IRQHandler
                0x0000000008001768                FLASH_IRQHandler
                0x0000000008001768                I2C1_ER_IRQHandler
                0x0000000008001768                USBWakeUp_IRQHandler
 *fill*         0x000000000800176a        0x2 
 .text.HAL_Init
                0x000000000800176c       0x2c ./Drivers/STM32F1xx_HAL_Driver/Src/stm32f1xx_hal.o
                0x000000000800176c                HAL_Init
 .text.HAL_InitTick
                0x0000000008001798       0x60 ./Drivers/STM32F1xx_HAL_Driver/Src/stm32f1xx_hal.o
                0x0000000008001798                HAL_InitTick
 .text.HAL_IncTick
                0x00000000080017f8       0x24 ./Drivers/STM32F1xx_HAL_Driver/Src/stm32f1xx_hal.o
                0x00000000080017f8                HAL_IncTick
 .text.HAL_GetTick
                0x000000000800181c       0x14 ./Drivers/STM32F1xx_HAL_Driver/Src/stm32f1xx_hal.o
                0x000000000800181c                HAL_GetTick
 .text.__NVIC_SetPriorityGrouping
                0x0000000008001830       0x48 ./Drivers/STM32F1xx_HAL_Driver/Src/stm32f1xx_hal_cortex.o
 .text.__NVIC_GetPriorityGrouping
                0x0000000008001878       0x1c ./Drivers/STM32F1xx_HAL_Driver/Src/stm32f1xx_hal_cortex.o
 .text.__NVIC_EnableIRQ
                0x0000000008001894       0x38 ./Drivers/STM32F1xx_HAL_Driver/Src/stm32f1xx_hal_cortex.o
 .text.__NVIC_SetPriority
                0x00000000080018cc       0x54 ./Drivers/STM32F1xx_HAL_Driver/Src/stm32f1xx_hal_cortex.o
 .text.NVIC_EncodePriority
                0x0000000008001920       0x64 ./Drivers/STM32F1xx_HAL_Driver/Src/stm32f1xx_hal_cortex.o
 .text.SysTick_Config
                0x0000000008001984       0x44 ./Drivers/STM32F1xx_HAL_Driver/Src/stm32f1xx_hal_cortex.o
 .text.HAL_NVIC_SetPriorityGrouping
                0x00000000080019c8       0x16 ./Drivers/STM32F1xx_HAL_Driver/Src/stm32f1xx_hal_cortex.o
                0x00000000080019c8                HAL_NVIC_SetPriorityGrouping
 .text.HAL_NVIC_SetPriority
                0x00000000080019de       0x38 ./Drivers/STM32F1xx_HAL_Driver/Src/stm32f1xx_hal_cortex.o
                0x00000000080019de                HAL_NVIC_SetPriority
 .text.HAL_NVIC_EnableIRQ
                0x0000000008001a16       0x1c ./Drivers/STM32F1xx_HAL_Driver/Src/stm32f1xx_hal_cortex.o
                0x0000000008001a16                HAL_NVIC_EnableIRQ
 .text.HAL_SYSTICK_Config
                0x0000000008001a32       0x18 ./Drivers/STM32F1xx_HAL_Driver/Src/stm32f1xx_hal_cortex.o
                0x0000000008001a32                HAL_SYSTICK_Config
 .text.HAL_DMA_Abort
                0x0000000008001a4a       0x74 ./Drivers/STM32F1xx_HAL_Driver/Src/stm32f1xx_hal_dma.o
                0x0000000008001a4a                HAL_DMA_Abort
 *fill*         0x0000000008001abe        0x2 
 .text.HAL_DMA_Abort_IT
                0x0000000008001ac0       0xec ./Drivers/STM32F1xx_HAL_Driver/Src/stm32f1xx_hal_dma.o
                0x0000000008001ac0                HAL_DMA_Abort_IT
 .text.HAL_GPIO_Init
                0x0000000008001bac      0x2f4 ./Drivers/STM32F1xx_HAL_Driver/Src/stm32f1xx_hal_gpio.o
                0x0000000008001bac                HAL_GPIO_Init
 .text.HAL_GPIO_ReadPin
                0x0000000008001ea0       0x2e ./Drivers/STM32F1xx_HAL_Driver/Src/stm32f1xx_hal_gpio.o
                0x0000000008001ea0                HAL_GPIO_ReadPin
 .text.HAL_GPIO_WritePin
                0x0000000008001ece       0x30 ./Drivers/STM32F1xx_HAL_Driver/Src/stm32f1xx_hal_gpio.o
                0x0000000008001ece                HAL_GPIO_WritePin
 *fill*         0x0000000008001efe        0x2 
 .text.HAL_RCC_OscConfig
                0x0000000008001f00      0x500 ./Drivers/STM32F1xx_HAL_Driver/Src/stm32f1xx_hal_rcc.o
                0x0000000008001f00                HAL_RCC_OscConfig
 .text.HAL_RCC_ClockConfig
                0x0000000008002400      0x1d4 ./Drivers/STM32F1xx_HAL_Driver/Src/stm32f1xx_hal_rcc.o
                0x0000000008002400                HAL_RCC_ClockConfig
 .text.HAL_RCC_GetSysClockFreq
                0x00000000080025d4       0xc0 ./Drivers/STM32F1xx_HAL_Driver/Src/stm32f1xx_hal_rcc.o
                0x00000000080025d4                HAL_RCC_GetSysClockFreq
 .text.HAL_RCC_GetHCLKFreq
                0x0000000008002694       0x14 ./Drivers/STM32F1xx_HAL_Driver/Src/stm32f1xx_hal_rcc.o
                0x0000000008002694                HAL_RCC_GetHCLKFreq
 .text.HAL_RCC_GetPCLK1Freq
                0x00000000080026a8       0x28 ./Drivers/STM32F1xx_HAL_Driver/Src/stm32f1xx_hal_rcc.o
                0x00000000080026a8                HAL_RCC_GetPCLK1Freq
 .text.HAL_RCC_GetPCLK2Freq
                0x00000000080026d0       0x28 ./Drivers/STM32F1xx_HAL_Driver/Src/stm32f1xx_hal_rcc.o
                0x00000000080026d0                HAL_RCC_GetPCLK2Freq
 .text.RCC_Delay
                0x00000000080026f8       0x3c ./Drivers/STM32F1xx_HAL_Driver/Src/stm32f1xx_hal_rcc.o
 .text.HAL_TIM_Base_Init
                0x0000000008002734       0x9e ./Drivers/STM32F1xx_HAL_Driver/Src/stm32f1xx_hal_tim.o
                0x0000000008002734                HAL_TIM_Base_Init
 *fill*         0x00000000080027d2        0x2 
 .text.HAL_TIM_Base_Start_IT
                0x00000000080027d4       0x98 ./Drivers/STM32F1xx_HAL_Driver/Src/stm32f1xx_hal_tim.o
                0x00000000080027d4                HAL_TIM_Base_Start_IT
 .text.HAL_TIM_PWM_Init
                0x000000000800286c       0x9e ./Drivers/STM32F1xx_HAL_Driver/Src/stm32f1xx_hal_tim.o
                0x000000000800286c                HAL_TIM_PWM_Init
 .text.HAL_TIM_PWM_MspInit
                0x000000000800290a       0x12 ./Drivers/STM32F1xx_HAL_Driver/Src/stm32f1xx_hal_tim.o
                0x000000000800290a                HAL_TIM_PWM_MspInit
 .text.HAL_TIM_PWM_Start
                0x000000000800291c      0x138 ./Drivers/STM32F1xx_HAL_Driver/Src/stm32f1xx_hal_tim.o
                0x000000000800291c                HAL_TIM_PWM_Start
 .text.HAL_TIM_IRQHandler
                0x0000000008002a54      0x210 ./Drivers/STM32F1xx_HAL_Driver/Src/stm32f1xx_hal_tim.o
                0x0000000008002a54                HAL_TIM_IRQHandler
 .text.HAL_TIM_PWM_ConfigChannel
                0x0000000008002c64      0x17c ./Drivers/STM32F1xx_HAL_Driver/Src/stm32f1xx_hal_tim.o
                0x0000000008002c64                HAL_TIM_PWM_ConfigChannel
 .text.HAL_TIM_ConfigClockSource
                0x0000000008002de0      0x188 ./Drivers/STM32F1xx_HAL_Driver/Src/stm32f1xx_hal_tim.o
                0x0000000008002de0                HAL_TIM_ConfigClockSource
 .text.HAL_TIM_OC_DelayElapsedCallback
                0x0000000008002f68       0x12 ./Drivers/STM32F1xx_HAL_Driver/Src/stm32f1xx_hal_tim.o
                0x0000000008002f68                HAL_TIM_OC_DelayElapsedCallback
 .text.HAL_TIM_IC_CaptureCallback
                0x0000000008002f7a       0x12 ./Drivers/STM32F1xx_HAL_Driver/Src/stm32f1xx_hal_tim.o
                0x0000000008002f7a                HAL_TIM_IC_CaptureCallback
 .text.HAL_TIM_PWM_PulseFinishedCallback
                0x0000000008002f8c       0x12 ./Drivers/STM32F1xx_HAL_Driver/Src/stm32f1xx_hal_tim.o
                0x0000000008002f8c                HAL_TIM_PWM_PulseFinishedCallback
 .text.HAL_TIM_TriggerCallback
                0x0000000008002f9e       0x12 ./Drivers/STM32F1xx_HAL_Driver/Src/stm32f1xx_hal_tim.o
                0x0000000008002f9e                HAL_TIM_TriggerCallback
 .text.TIM_Base_SetConfig
                0x0000000008002fb0       0xb0 ./Drivers/STM32F1xx_HAL_Driver/Src/stm32f1xx_hal_tim.o
                0x0000000008002fb0                TIM_Base_SetConfig
 .text.TIM_OC1_SetConfig
                0x0000000008003060       0xcc ./Drivers/STM32F1xx_HAL_Driver/Src/stm32f1xx_hal_tim.o
 .text.TIM_OC2_SetConfig
                0x000000000800312c       0xd4 ./Drivers/STM32F1xx_HAL_Driver/Src/stm32f1xx_hal_tim.o
                0x000000000800312c                TIM_OC2_SetConfig
 .text.TIM_OC3_SetConfig
                0x0000000008003200       0xd4 ./Drivers/STM32F1xx_HAL_Driver/Src/stm32f1xx_hal_tim.o
 .text.TIM_OC4_SetConfig
                0x00000000080032d4       0x9c ./Drivers/STM32F1xx_HAL_Driver/Src/stm32f1xx_hal_tim.o
 .text.TIM_TI1_ConfigInputStage
                0x0000000008003370       0x5c ./Drivers/STM32F1xx_HAL_Driver/Src/stm32f1xx_hal_tim.o
 .text.TIM_TI2_ConfigInputStage
                0x00000000080033cc       0x5e ./Drivers/STM32F1xx_HAL_Driver/Src/stm32f1xx_hal_tim.o
 .text.TIM_ITRx_SetConfig
                0x000000000800342a       0x34 ./Drivers/STM32F1xx_HAL_Driver/Src/stm32f1xx_hal_tim.o
 .text.TIM_ETR_SetConfig
                0x000000000800345e       0x3e ./Drivers/STM32F1xx_HAL_Driver/Src/stm32f1xx_hal_tim.o
                0x000000000800345e                TIM_ETR_SetConfig
 .text.TIM_CCxChannelCmd
                0x000000000800349c       0x48 ./Drivers/STM32F1xx_HAL_Driver/Src/stm32f1xx_hal_tim.o
                0x000000000800349c                TIM_CCxChannelCmd
 .text.HAL_TIMEx_MasterConfigSynchronization
                0x00000000080034e4       0xb0 ./Drivers/STM32F1xx_HAL_Driver/Src/stm32f1xx_hal_tim_ex.o
                0x00000000080034e4                HAL_TIMEx_MasterConfigSynchronization
 .text.HAL_TIMEx_ConfigBreakDeadTime
                0x0000000008003594       0xa2 ./Drivers/STM32F1xx_HAL_Driver/Src/stm32f1xx_hal_tim_ex.o
                0x0000000008003594                HAL_TIMEx_ConfigBreakDeadTime
 .text.HAL_TIMEx_CommutCallback
                0x0000000008003636       0x12 ./Drivers/STM32F1xx_HAL_Driver/Src/stm32f1xx_hal_tim_ex.o
                0x0000000008003636                HAL_TIMEx_CommutCallback
 .text.HAL_TIMEx_BreakCallback
                0x0000000008003648       0x12 ./Drivers/STM32F1xx_HAL_Driver/Src/stm32f1xx_hal_tim_ex.o
                0x0000000008003648                HAL_TIMEx_BreakCallback
 .text.HAL_UART_Init
                0x000000000800365a       0x9a ./Drivers/STM32F1xx_HAL_Driver/Src/stm32f1xx_hal_uart.o
                0x000000000800365a                HAL_UART_Init
 .text.HAL_UART_Transmit
                0x00000000080036f4      0x124 ./Drivers/STM32F1xx_HAL_Driver/Src/stm32f1xx_hal_uart.o
                0x00000000080036f4                HAL_UART_Transmit
 .text.HAL_UART_IRQHandler
                0x0000000008003818      0x354 ./Drivers/STM32F1xx_HAL_Driver/Src/stm32f1xx_hal_uart.o
                0x0000000008003818                HAL_UART_IRQHandler
 .text.HAL_UART_TxCpltCallback
                0x0000000008003b6c       0x12 ./Drivers/STM32F1xx_HAL_Driver/Src/stm32f1xx_hal_uart.o
                0x0000000008003b6c                HAL_UART_TxCpltCallback
 .text.HAL_UART_RxCpltCallback
                0x0000000008003b7e       0x12 ./Drivers/STM32F1xx_HAL_Driver/Src/stm32f1xx_hal_uart.o
                0x0000000008003b7e                HAL_UART_RxCpltCallback
 .text.HAL_UART_ErrorCallback
                0x0000000008003b90       0x12 ./Drivers/STM32F1xx_HAL_Driver/Src/stm32f1xx_hal_uart.o
                0x0000000008003b90                HAL_UART_ErrorCallback
 .text.HAL_UARTEx_RxEventCallback
                0x0000000008003ba2       0x16 ./Drivers/STM32F1xx_HAL_Driver/Src/stm32f1xx_hal_uart.o
                0x0000000008003ba2                HAL_UARTEx_RxEventCallback
 .text.UART_WaitOnFlagUntilTimeout
                0x0000000008003bb8       0x94 ./Drivers/STM32F1xx_HAL_Driver/Src/stm32f1xx_hal_uart.o
 .text.UART_EndRxTransfer
                0x0000000008003c4c       0x58 ./Drivers/STM32F1xx_HAL_Driver/Src/stm32f1xx_hal_uart.o
 .text.UART_DMAAbortOnError
                0x0000000008003ca4       0x28 ./Drivers/STM32F1xx_HAL_Driver/Src/stm32f1xx_hal_uart.o
 .text.UART_Transmit_IT
                0x0000000008003ccc       0x9e ./Drivers/STM32F1xx_HAL_Driver/Src/stm32f1xx_hal_uart.o
 .text.UART_EndTransmit_IT
                0x0000000008003d6a       0x30 ./Drivers/STM32F1xx_HAL_Driver/Src/stm32f1xx_hal_uart.o
 .text.UART_Receive_IT
                0x0000000008003d9a      0x152 ./Drivers/STM32F1xx_HAL_Driver/Src/stm32f1xx_hal_uart.o
 .text.UART_SetConfig
                0x0000000008003eec      0x11c ./Drivers/STM32F1xx_HAL_Driver/Src/stm32f1xx_hal_uart.o
 .text.__errno  0x0000000008004008        0xc d:/micro controller lab/tool/stm32cubeide/stm32cubeide_1.7.0/stm32cubeide/plugins/com.st.stm32cube.ide.mcu.externaltools.gnu-tools-for-stm32.9-2020-q2-update.win32_2.0.0.202105311346/tools/bin/../lib/gcc/arm-none-eabi/9.3.1/../../../../arm-none-eabi/lib/thumb/v7-m/nofp\libc_nano.a(lib_a-errno.o)
                0x0000000008004008                __errno
 .text.__libc_init_array
                0x0000000008004014       0x48 d:/micro controller lab/tool/stm32cubeide/stm32cubeide_1.7.0/stm32cubeide/plugins/com.st.stm32cube.ide.mcu.externaltools.gnu-tools-for-stm32.9-2020-q2-update.win32_2.0.0.202105311346/tools/bin/../lib/gcc/arm-none-eabi/9.3.1/../../../../arm-none-eabi/lib/thumb/v7-m/nofp\libc_nano.a(lib_a-init.o)
                0x0000000008004014                __libc_init_array
 .text.memset   0x000000000800405c       0x10 d:/micro controller lab/tool/stm32cubeide/stm32cubeide_1.7.0/stm32cubeide/plugins/com.st.stm32cube.ide.mcu.externaltools.gnu-tools-for-stm32.9-2020-q2-update.win32_2.0.0.202105311346/tools/bin/../lib/gcc/arm-none-eabi/9.3.1/../../../../arm-none-eabi/lib/thumb/v7-m/nofp\libc_nano.a(lib_a-memset.o)
                0x000000000800405c                memset
 .text.sprintf  0x000000000800406c       0x40 d:/micro controller lab/tool/stm32cubeide/stm32cubeide_1.7.0/stm32cubeide/plugins/com.st.stm32cube.ide.mcu.externaltools.gnu-tools-for-stm32.9-2020-q2-update.win32_2.0.0.202105311346/tools/bin/../lib/gcc/arm-none-eabi/9.3.1/../../../../arm-none-eabi/lib/thumb/v7-m/nofp\libc_nano.a(lib_a-sprintf.o)
                0x000000000800406c                siprintf
                0x000000000800406c                sprintf
 .text.__ssputs_r
                0x00000000080040ac       0xb6 d:/micro controller lab/tool/stm32cubeide/stm32cubeide_1.7.0/stm32cubeide/plugins/com.st.stm32cube.ide.mcu.externaltools.gnu-tools-for-stm32.9-2020-q2-update.win32_2.0.0.202105311346/tools/bin/../lib/gcc/arm-none-eabi/9.3.1/../../../../arm-none-eabi/lib/thumb/v7-m/nofp\libc_nano.a(lib_a-nano-svfprintf.o)
                0x00000000080040ac                __ssputs_r
 *fill*         0x0000000008004162        0x2 
 .text._svfprintf_r
                0x0000000008004164      0x200 d:/micro controller lab/tool/stm32cubeide/stm32cubeide_1.7.0/stm32cubeide/plugins/com.st.stm32cube.ide.mcu.externaltools.gnu-tools-for-stm32.9-2020-q2-update.win32_2.0.0.202105311346/tools/bin/../lib/gcc/arm-none-eabi/9.3.1/../../../../arm-none-eabi/lib/thumb/v7-m/nofp\libc_nano.a(lib_a-nano-svfprintf.o)
                0x0000000008004164                _svfiprintf_r
                0x0000000008004164                _svfprintf_r
 .text._printf_common
                0x0000000008004364       0xde d:/micro controller lab/tool/stm32cubeide/stm32cubeide_1.7.0/stm32cubeide/plugins/com.st.stm32cube.ide.mcu.externaltools.gnu-tools-for-stm32.9-2020-q2-update.win32_2.0.0.202105311346/tools/bin/../lib/gcc/arm-none-eabi/9.3.1/../../../../arm-none-eabi/lib/thumb/v7-m/nofp\libc_nano.a(lib_a-nano-vfprintf_i.o)
                0x0000000008004364                _printf_common
 *fill*         0x0000000008004442        0x2 
 .text._printf_i
                0x0000000008004444      0x24c d:/micro controller lab/tool/stm32cubeide/stm32cubeide_1.7.0/stm32cubeide/plugins/com.st.stm32cube.ide.mcu.externaltools.gnu-tools-for-stm32.9-2020-q2-update.win32_2.0.0.202105311346/tools/bin/../lib/gcc/arm-none-eabi/9.3.1/../../../../arm-none-eabi/lib/thumb/v7-m/nofp\libc_nano.a(lib_a-nano-vfprintf_i.o)
                0x0000000008004444                _printf_i
 .text.memchr   0x0000000008004690       0x1c d:/micro controller lab/tool/stm32cubeide/stm32cubeide_1.7.0/stm32cubeide/plugins/com.st.stm32cube.ide.mcu.externaltools.gnu-tools-for-stm32.9-2020-q2-update.win32_2.0.0.202105311346/tools/bin/../lib/gcc/arm-none-eabi/9.3.1/../../../../arm-none-eabi/lib/thumb/v7-m/nofp\libc_nano.a(lib_a-memchr-stub.o)
                0x0000000008004690                memchr
 .text.memcpy   0x00000000080046ac       0x1c d:/micro controller lab/tool/stm32cubeide/stm32cubeide_1.7.0/stm32cubeide/plugins/com.st.stm32cube.ide.mcu.externaltools.gnu-tools-for-stm32.9-2020-q2-update.win32_2.0.0.202105311346/tools/bin/../lib/gcc/arm-none-eabi/9.3.1/../../../../arm-none-eabi/lib/thumb/v7-m/nofp\libc_nano.a(lib_a-memcpy-stub.o)
                0x00000000080046ac                memcpy
 .text.memmove  0x00000000080046c8       0x34 d:/micro controller lab/tool/stm32cubeide/stm32cubeide_1.7.0/stm32cubeide/plugins/com.st.stm32cube.ide.mcu.externaltools.gnu-tools-for-stm32.9-2020-q2-update.win32_2.0.0.202105311346/tools/bin/../lib/gcc/arm-none-eabi/9.3.1/../../../../arm-none-eabi/lib/thumb/v7-m/nofp\libc_nano.a(lib_a-memmove.o)
                0x00000000080046c8                memmove
 .text._free_r  0x00000000080046fc       0x98 d:/micro controller lab/tool/stm32cubeide/stm32cubeide_1.7.0/stm32cubeide/plugins/com.st.stm32cube.ide.mcu.externaltools.gnu-tools-for-stm32.9-2020-q2-update.win32_2.0.0.202105311346/tools/bin/../lib/gcc/arm-none-eabi/9.3.1/../../../../arm-none-eabi/lib/thumb/v7-m/nofp\libc_nano.a(lib_a-nano-freer.o)
                0x00000000080046fc                _free_r
 .text._malloc_r
                0x0000000008004794       0xb4 d:/micro controller lab/tool/stm32cubeide/stm32cubeide_1.7.0/stm32cubeide/plugins/com.st.stm32cube.ide.mcu.externaltools.gnu-tools-for-stm32.9-2020-q2-update.win32_2.0.0.202105311346/tools/bin/../lib/gcc/arm-none-eabi/9.3.1/../../../../arm-none-eabi/lib/thumb/v7-m/nofp\libc_nano.a(lib_a-nano-mallocr.o)
                0x0000000008004794                _malloc_r
 .text._realloc_r
                0x0000000008004848       0x4c d:/micro controller lab/tool/stm32cubeide/stm32cubeide_1.7.0/stm32cubeide/plugins/com.st.stm32cube.ide.mcu.externaltools.gnu-tools-for-stm32.9-2020-q2-update.win32_2.0.0.202105311346/tools/bin/../lib/gcc/arm-none-eabi/9.3.1/../../../../arm-none-eabi/lib/thumb/v7-m/nofp\libc_nano.a(lib_a-nano-reallocr.o)
                0x0000000008004848                _realloc_r
 .text._sbrk_r  0x0000000008004894       0x20 d:/micro controller lab/tool/stm32cubeide/stm32cubeide_1.7.0/stm32cubeide/plugins/com.st.stm32cube.ide.mcu.externaltools.gnu-tools-for-stm32.9-2020-q2-update.win32_2.0.0.202105311346/tools/bin/../lib/gcc/arm-none-eabi/9.3.1/../../../../arm-none-eabi/lib/thumb/v7-m/nofp\libc_nano.a(lib_a-sbrkr.o)
                0x0000000008004894                _sbrk_r
 .text.__malloc_lock
                0x00000000080048b4        0xc d:/micro controller lab/tool/stm32cubeide/stm32cubeide_1.7.0/stm32cubeide/plugins/com.st.stm32cube.ide.mcu.externaltools.gnu-tools-for-stm32.9-2020-q2-update.win32_2.0.0.202105311346/tools/bin/../lib/gcc/arm-none-eabi/9.3.1/../../../../arm-none-eabi/lib/thumb/v7-m/nofp\libc_nano.a(lib_a-mlock.o)
                0x00000000080048b4                __malloc_lock
 .text.__malloc_unlock
                0x00000000080048c0        0xc d:/micro controller lab/tool/stm32cubeide/stm32cubeide_1.7.0/stm32cubeide/plugins/com.st.stm32cube.ide.mcu.externaltools.gnu-tools-for-stm32.9-2020-q2-update.win32_2.0.0.202105311346/tools/bin/../lib/gcc/arm-none-eabi/9.3.1/../../../../arm-none-eabi/lib/thumb/v7-m/nofp\libc_nano.a(lib_a-mlock.o)
                0x00000000080048c0                __malloc_unlock
 .text._malloc_usable_size_r
                0x00000000080048cc       0x10 d:/micro controller lab/tool/stm32cubeide/stm32cubeide_1.7.0/stm32cubeide/plugins/com.st.stm32cube.ide.mcu.externaltools.gnu-tools-for-stm32.9-2020-q2-update.win32_2.0.0.202105311346/tools/bin/../lib/gcc/arm-none-eabi/9.3.1/../../../../arm-none-eabi/lib/thumb/v7-m/nofp\libc_nano.a(lib_a-nano-msizer.o)
                0x00000000080048cc                _malloc_usable_size_r
 .text.__retarget_lock_acquire_recursive
                0x00000000080048dc        0x2 d:/micro controller lab/tool/stm32cubeide/stm32cubeide_1.7.0/stm32cubeide/plugins/com.st.stm32cube.ide.mcu.externaltools.gnu-tools-for-stm32.9-2020-q2-update.win32_2.0.0.202105311346/tools/bin/../lib/gcc/arm-none-eabi/9.3.1/../../../../arm-none-eabi/lib/thumb/v7-m/nofp\libc_nano.a(lib_a-lock.o)
                0x00000000080048dc                __retarget_lock_acquire_recursive
 .text.__retarget_lock_release_recursive
                0x00000000080048de        0x2 d:/micro controller lab/tool/stm32cubeide/stm32cubeide_1.7.0/stm32cubeide/plugins/com.st.stm32cube.ide.mcu.externaltools.gnu-tools-for-stm32.9-2020-q2-update.win32_2.0.0.202105311346/tools/bin/../lib/gcc/arm-none-eabi/9.3.1/../../../../arm-none-eabi/lib/thumb/v7-m/nofp\libc_nano.a(lib_a-lock.o)
                0x00000000080048de                __retarget_lock_release_recursive
 *(.glue_7)
 .glue_7        0x00000000080048e0        0x0 linker stubs
 *(.glue_7t)
 .glue_7t       0x00000000080048e0        0x0 linker stubs
 *(.eh_frame)
 .eh_frame      0x00000000080048e0        0x0 d:/micro controller lab/tool/stm32cubeide/stm32cubeide_1.7.0/stm32cubeide/plugins/com.st.stm32cube.ide.mcu.externaltools.gnu-tools-for-stm32.9-2020-q2-update.win32_2.0.0.202105311346/tools/bin/../lib/gcc/arm-none-eabi/9.3.1/thumb/v7-m/nofp/crtbegin.o
 *(.init)
 .init          0x00000000080048e0        0x4 d:/micro controller lab/tool/stm32cubeide/stm32cubeide_1.7.0/stm32cubeide/plugins/com.st.stm32cube.ide.mcu.externaltools.gnu-tools-for-stm32.9-2020-q2-update.win32_2.0.0.202105311346/tools/bin/../lib/gcc/arm-none-eabi/9.3.1/thumb/v7-m/nofp/crti.o
                0x00000000080048e0                _init
 .init          0x00000000080048e4        0x8 d:/micro controller lab/tool/stm32cubeide/stm32cubeide_1.7.0/stm32cubeide/plugins/com.st.stm32cube.ide.mcu.externaltools.gnu-tools-for-stm32.9-2020-q2-update.win32_2.0.0.202105311346/tools/bin/../lib/gcc/arm-none-eabi/9.3.1/thumb/v7-m/nofp/crtn.o
 *(.fini)
 .fini          0x00000000080048ec        0x4 d:/micro controller lab/tool/stm32cubeide/stm32cubeide_1.7.0/stm32cubeide/plugins/com.st.stm32cube.ide.mcu.externaltools.gnu-tools-for-stm32.9-2020-q2-update.win32_2.0.0.202105311346/tools/bin/../lib/gcc/arm-none-eabi/9.3.1/thumb/v7-m/nofp/crti.o
                0x00000000080048ec                _fini
 .fini          0x00000000080048f0        0x8 d:/micro controller lab/tool/stm32cubeide/stm32cubeide_1.7.0/stm32cubeide/plugins/com.st.stm32cube.ide.mcu.externaltools.gnu-tools-for-stm32.9-2020-q2-update.win32_2.0.0.202105311346/tools/bin/../lib/gcc/arm-none-eabi/9.3.1/thumb/v7-m/nofp/crtn.o
                0x00000000080048f8                . = ALIGN (0x4)
                0x00000000080048f8                _etext = .

.vfp11_veneer   0x00000000080048f8        0x0
 .vfp11_veneer  0x00000000080048f8        0x0 linker stubs

.v4_bx          0x00000000080048f8        0x0
 .v4_bx         0x00000000080048f8        0x0 linker stubs

.iplt           0x00000000080048f8        0x0
 .iplt          0x00000000080048f8        0x0 d:/micro controller lab/tool/stm32cubeide/stm32cubeide_1.7.0/stm32cubeide/plugins/com.st.stm32cube.ide.mcu.externaltools.gnu-tools-for-stm32.9-2020-q2-update.win32_2.0.0.202105311346/tools/bin/../lib/gcc/arm-none-eabi/9.3.1/thumb/v7-m/nofp/crtbegin.o

.rodata         0x00000000080048f8       0xd4
                0x00000000080048f8                . = ALIGN (0x4)
 *(.rodata)
 .rodata        0x00000000080048f8       0x78 ./Core/Src/uart.o
 .rodata        0x0000000008004970       0x10 ./Drivers/STM32F1xx_HAL_Driver/Src/stm32f1xx_hal_rcc.o
 *(.rodata*)
 .rodata.AHBPrescTable
                0x0000000008004980       0x10 ./Core/Src/system_stm32f1xx.o
                0x0000000008004980                AHBPrescTable
 .rodata.APBPrescTable
                0x0000000008004990        0x8 ./Core/Src/system_stm32f1xx.o
                0x0000000008004990                APBPrescTable
 .rodata._svfprintf_r.str1.1
                0x0000000008004998       0x11 d:/micro controller lab/tool/stm32cubeide/stm32cubeide_1.7.0/stm32cubeide/plugins/com.st.stm32cube.ide.mcu.externaltools.gnu-tools-for-stm32.9-2020-q2-update.win32_2.0.0.202105311346/tools/bin/../lib/gcc/arm-none-eabi/9.3.1/../../../../arm-none-eabi/lib/thumb/v7-m/nofp\libc_nano.a(lib_a-nano-svfprintf.o)
 .rodata._printf_i.str1.1
                0x00000000080049a9       0x22 d:/micro controller lab/tool/stm32cubeide/stm32cubeide_1.7.0/stm32cubeide/plugins/com.st.stm32cube.ide.mcu.externaltools.gnu-tools-for-stm32.9-2020-q2-update.win32_2.0.0.202105311346/tools/bin/../lib/gcc/arm-none-eabi/9.3.1/../../../../arm-none-eabi/lib/thumb/v7-m/nofp\libc_nano.a(lib_a-nano-vfprintf_i.o)
                0x00000000080049cc                . = ALIGN (0x4)
 *fill*         0x00000000080049cb        0x1 

.rel.dyn        0x00000000080049cc        0x0
 .rel.iplt      0x00000000080049cc        0x0 d:/micro controller lab/tool/stm32cubeide/stm32cubeide_1.7.0/stm32cubeide/plugins/com.st.stm32cube.ide.mcu.externaltools.gnu-tools-for-stm32.9-2020-q2-update.win32_2.0.0.202105311346/tools/bin/../lib/gcc/arm-none-eabi/9.3.1/thumb/v7-m/nofp/crtbegin.o

.ARM.extab      0x00000000080049cc        0x0
                0x00000000080049cc                . = ALIGN (0x4)
 *(.ARM.extab* .gnu.linkonce.armextab.*)
                0x00000000080049cc                . = ALIGN (0x4)

.ARM            0x00000000080049cc        0x0
                0x00000000080049cc                . = ALIGN (0x4)
                0x00000000080049cc                __exidx_start = .
 *(.ARM.exidx*)
                0x00000000080049cc                __exidx_end = .
                0x00000000080049cc                . = ALIGN (0x4)

.preinit_array  0x00000000080049cc        0x0
                0x00000000080049cc                . = ALIGN (0x4)
                0x00000000080049cc                PROVIDE (__preinit_array_start = .)
 *(.preinit_array*)
                0x00000000080049cc                PROVIDE (__preinit_array_end = .)
                0x00000000080049cc                . = ALIGN (0x4)

.init_array     0x00000000080049cc        0x4
                0x00000000080049cc                . = ALIGN (0x4)
                0x00000000080049cc                PROVIDE (__init_array_start = .)
 *(SORT_BY_NAME(.init_array.*))
 *(.init_array*)
 .init_array    0x00000000080049cc        0x4 d:/micro controller lab/tool/stm32cubeide/stm32cubeide_1.7.0/stm32cubeide/plugins/com.st.stm32cube.ide.mcu.externaltools.gnu-tools-for-stm32.9-2020-q2-update.win32_2.0.0.202105311346/tools/bin/../lib/gcc/arm-none-eabi/9.3.1/thumb/v7-m/nofp/crtbegin.o
                0x00000000080049d0                PROVIDE (__init_array_end = .)
                0x00000000080049d0                . = ALIGN (0x4)

.fini_array     0x00000000080049d0        0x4
                0x00000000080049d0                . = ALIGN (0x4)
                [!provide]                        PROVIDE (__fini_array_start = .)
 *(SORT_BY_NAME(.fini_array.*))
 *(.fini_array*)
 .fini_array    0x00000000080049d0        0x4 d:/micro controller lab/tool/stm32cubeide/stm32cubeide_1.7.0/stm32cubeide/plugins/com.st.stm32cube.ide.mcu.externaltools.gnu-tools-for-stm32.9-2020-q2-update.win32_2.0.0.202105311346/tools/bin/../lib/gcc/arm-none-eabi/9.3.1/thumb/v7-m/nofp/crtbegin.o
                [!provide]                        PROVIDE (__fini_array_end = .)
                0x00000000080049d4                . = ALIGN (0x4)
                0x00000000080049d4                _sidata = LOADADDR (.data)

.data           0x0000000020000000       0xa0 load address 0x00000000080049d4
                0x0000000020000000                . = ALIGN (0x4)
                0x0000000020000000                _sdata = .
 *(.data)
 *(.data*)
 .data.TimerForKeyPress
                0x0000000020000000        0x4 ./Core/Src/button_reading.o
                0x0000000020000000                TimerForKeyPress
 .data.INPUT_BUTTON
                0x0000000020000004        0x8 ./Core/Src/global.o
                0x0000000020000004                INPUT_BUTTON
 .data.FSM_Traffic_Light_State_Col
                0x000000002000000c        0x4 ./Core/Src/global.o
                0x000000002000000c                FSM_Traffic_Light_State_Col
 .data.Increase_Duty_Cycle
                0x0000000020000010        0x4 ./Core/Src/global.o
                0x0000000020000010                Increase_Duty_Cycle
 .data.Increase_Speed
                0x0000000020000014        0x4 ./Core/Src/global.o
                0x0000000020000014                Increase_Speed
 .data.timer5Counter
                0x0000000020000018        0x4 ./Core/Src/global.o
                0x0000000020000018                timer5Counter
 .data.red_time
                0x000000002000001c        0x4 ./Core/Src/global.o
                0x000000002000001c                red_time
 .data.green_time
                0x0000000020000020        0x4 ./Core/Src/global.o
                0x0000000020000020                green_time
 .data.yellow_time
                0x0000000020000024        0x4 ./Core/Src/global.o
                0x0000000020000024                yellow_time
 .data.traffic_light_remain_time_row
                0x0000000020000028        0x4 ./Core/Src/global.o
                0x0000000020000028                traffic_light_remain_time_row
 .data.traffic_light_remain_time_col
                0x000000002000002c        0x4 ./Core/Src/global.o
                0x000000002000002c                traffic_light_remain_time_col
 .data.SystemCoreClock
                0x0000000020000030        0x4 ./Core/Src/system_stm32f1xx.o
                0x0000000020000030                SystemCoreClock
 .data.uwTickPrio
                0x0000000020000034        0x4 ./Drivers/STM32F1xx_HAL_Driver/Src/stm32f1xx_hal.o
                0x0000000020000034                uwTickPrio
 .data.uwTickFreq
                0x0000000020000038        0x1 ./Drivers/STM32F1xx_HAL_Driver/Src/stm32f1xx_hal.o
                0x0000000020000038                uwTickFreq
 *fill*         0x0000000020000039        0x3 
 .data._impure_ptr
                0x000000002000003c        0x4 d:/micro controller lab/tool/stm32cubeide/stm32cubeide_1.7.0/stm32cubeide/plugins/com.st.stm32cube.ide.mcu.externaltools.gnu-tools-for-stm32.9-2020-q2-update.win32_2.0.0.202105311346/tools/bin/../lib/gcc/arm-none-eabi/9.3.1/../../../../arm-none-eabi/lib/thumb/v7-m/nofp\libc_nano.a(lib_a-impure.o)
                0x000000002000003c                _impure_ptr
 .data.impure_data
                0x0000000020000040       0x60 d:/micro controller lab/tool/stm32cubeide/stm32cubeide_1.7.0/stm32cubeide/plugins/com.st.stm32cube.ide.mcu.externaltools.gnu-tools-for-stm32.9-2020-q2-update.win32_2.0.0.202105311346/tools/bin/../lib/gcc/arm-none-eabi/9.3.1/../../../../arm-none-eabi/lib/thumb/v7-m/nofp\libc_nano.a(lib_a-impure.o)
 *(.RamFunc)
 *(.RamFunc*)
                0x00000000200000a0                . = ALIGN (0x4)
                0x00000000200000a0                _edata = .

.igot.plt       0x00000000200000a0        0x0 load address 0x0000000008004a74
 .igot.plt      0x00000000200000a0        0x0 d:/micro controller lab/tool/stm32cubeide/stm32cubeide_1.7.0/stm32cubeide/plugins/com.st.stm32cube.ide.mcu.externaltools.gnu-tools-for-stm32.9-2020-q2-update.win32_2.0.0.202105311346/tools/bin/../lib/gcc/arm-none-eabi/9.3.1/thumb/v7-m/nofp/crtbegin.o
                0x00000000200000a0                . = ALIGN (0x4)

.bss            0x00000000200000a0      0x1c4 load address 0x0000000008004a74
                0x00000000200000a0                _sbss = .
                0x00000000200000a0                __bss_start__ = _sbss
 *(.bss)
 .bss           0x00000000200000a0       0x1c d:/micro controller lab/tool/stm32cubeide/stm32cubeide_1.7.0/stm32cubeide/plugins/com.st.stm32cube.ide.mcu.externaltools.gnu-tools-for-stm32.9-2020-q2-update.win32_2.0.0.202105311346/tools/bin/../lib/gcc/arm-none-eabi/9.3.1/thumb/v7-m/nofp/crtbegin.o
 *(.bss*)
 .bss.Reg3      0x00000000200000bc        0x4 ./Core/Src/button_reading.o
 .bss.Reg0      0x00000000200000c0        0x4 ./Core/Src/button_reading.o
 .bss.Reg1      0x00000000200000c4        0x4 ./Core/Src/button_reading.o
 .bss.Reg2      0x00000000200000c8        0x4 ./Core/Src/button_reading.o
 .bss.To_Default_State
                0x00000000200000cc        0x4 ./Core/Src/fsm_traffic_light.o
                0x00000000200000cc                To_Default_State
 .bss.buttonPressed_flag
                0x00000000200000d0        0x4 ./Core/Src/global.o
                0x00000000200000d0                buttonPressed_flag
 .bss.FSM_Traffic_Light_State_Row
                0x00000000200000d4        0x4 ./Core/Src/global.o
                0x00000000200000d4                FSM_Traffic_Light_State_Row
 .bss.FSM_Pedestrian_State
                0x00000000200000d8        0x4 ./Core/Src/global.o
                0x00000000200000d8                FSM_Pedestrian_State
 .bss.FSM_Buzzer_State
                0x00000000200000dc        0x4 ./Core/Src/global.o
                0x00000000200000dc                FSM_Buzzer_State
 .bss.timer1Counter
                0x00000000200000e0        0x4 ./Core/Src/global.o
                0x00000000200000e0                timer1Counter
 .bss.timer1Flag
                0x00000000200000e4        0x4 ./Core/Src/global.o
                0x00000000200000e4                timer1Flag
 .bss.timer2Counter
                0x00000000200000e8        0x4 ./Core/Src/global.o
                0x00000000200000e8                timer2Counter
 .bss.timer2Flag
                0x00000000200000ec        0x4 ./Core/Src/global.o
                0x00000000200000ec                timer2Flag
 .bss.timer3Counter
                0x00000000200000f0        0x4 ./Core/Src/global.o
                0x00000000200000f0                timer3Counter
 .bss.timer3Flag
                0x00000000200000f4        0x4 ./Core/Src/global.o
                0x00000000200000f4                timer3Flag
 .bss.timer4Counter
                0x00000000200000f8        0x4 ./Core/Src/global.o
                0x00000000200000f8                timer4Counter
 .bss.timer4Flag
                0x00000000200000fc        0x4 ./Core/Src/global.o
                0x00000000200000fc                timer4Flag
 .bss.timer5Flag
                0x0000000020000100        0x4 ./Core/Src/global.o
                0x0000000020000100                timer5Flag
 .bss.Set_TL_Time
                0x0000000020000104        0x4 ./Core/Src/global.o
                0x0000000020000104                Set_TL_Time
 .bss.__sbrk_heap_end
                0x0000000020000108        0x4 ./Core/Src/sysmem.o
 .bss.__malloc_free_list
                0x000000002000010c        0x4 d:/micro controller lab/tool/stm32cubeide/stm32cubeide_1.7.0/stm32cubeide/plugins/com.st.stm32cube.ide.mcu.externaltools.gnu-tools-for-stm32.9-2020-q2-update.win32_2.0.0.202105311346/tools/bin/../lib/gcc/arm-none-eabi/9.3.1/../../../../arm-none-eabi/lib/thumb/v7-m/nofp\libc_nano.a(lib_a-nano-mallocr.o)
                0x000000002000010c                __malloc_free_list
 .bss.__malloc_sbrk_start
                0x0000000020000110        0x4 d:/micro controller lab/tool/stm32cubeide/stm32cubeide_1.7.0/stm32cubeide/plugins/com.st.stm32cube.ide.mcu.externaltools.gnu-tools-for-stm32.9-2020-q2-update.win32_2.0.0.202105311346/tools/bin/../lib/gcc/arm-none-eabi/9.3.1/../../../../arm-none-eabi/lib/thumb/v7-m/nofp\libc_nano.a(lib_a-nano-mallocr.o)
                0x0000000020000110                __malloc_sbrk_start
 *(COMMON)
 COMMON         0x0000000020000114       0xf2 ./Core/Src/button_reading.o
                0x0000000020000114                htim3
                0x000000002000015c                huart1
                0x00000000200001a0                htim2
                0x00000000200001e8                str
 *fill*         0x0000000020000206        0x2 
 COMMON         0x0000000020000208       0x48 ./Core/Src/main.o
                0x0000000020000208                htim1
 COMMON         0x0000000020000250        0x4 ./Drivers/STM32F1xx_HAL_Driver/Src/stm32f1xx_hal.o
                0x0000000020000250                uwTick
 COMMON         0x0000000020000254        0x4 d:/micro controller lab/tool/stm32cubeide/stm32cubeide_1.7.0/stm32cubeide/plugins/com.st.stm32cube.ide.mcu.externaltools.gnu-tools-for-stm32.9-2020-q2-update.win32_2.0.0.202105311346/tools/bin/../lib/gcc/arm-none-eabi/9.3.1/../../../../arm-none-eabi/lib/thumb/v7-m/nofp\libc_nano.a(lib_a-reent.o)
                0x0000000020000254                errno
 COMMON         0x0000000020000258        0x9 d:/micro controller lab/tool/stm32cubeide/stm32cubeide_1.7.0/stm32cubeide/plugins/com.st.stm32cube.ide.mcu.externaltools.gnu-tools-for-stm32.9-2020-q2-update.win32_2.0.0.202105311346/tools/bin/../lib/gcc/arm-none-eabi/9.3.1/../../../../arm-none-eabi/lib/thumb/v7-m/nofp\libc_nano.a(lib_a-lock.o)
                0x0000000020000258                __lock___atexit_recursive_mutex
                0x0000000020000259                __lock___arc4random_mutex
                0x000000002000025a                __lock___env_recursive_mutex
                0x000000002000025b                __lock___sinit_recursive_mutex
                0x000000002000025c                __lock___malloc_recursive_mutex
                0x000000002000025d                __lock___at_quick_exit_mutex
                0x000000002000025e                __lock___dd_hash_mutex
                0x000000002000025f                __lock___tz_mutex
                0x0000000020000260                __lock___sfp_recursive_mutex
                0x0000000020000264                . = ALIGN (0x4)
 *fill*         0x0000000020000261        0x3 
                0x0000000020000264                _ebss = .
                0x0000000020000264                __bss_end__ = _ebss

._user_heap_stack
                0x0000000020000264      0x604 load address 0x0000000008004a74
                0x0000000020000268                . = ALIGN (0x8)
 *fill*         0x0000000020000264        0x4 
                [!provide]                        PROVIDE (end = .)
                0x0000000020000268                PROVIDE (_end = .)
                0x0000000020000468                . = (. + _Min_Heap_Size)
 *fill*         0x0000000020000268      0x200 
                0x0000000020000868                . = (. + _Min_Stack_Size)
 *fill*         0x0000000020000468      0x400 
                0x0000000020000868                . = ALIGN (0x8)

/DISCARD/
 libc.a(*)
 libm.a(*)
 libgcc.a(*)

.ARM.attributes
                0x0000000000000000       0x29
 *(.ARM.attributes)
 .ARM.attributes
                0x0000000000000000       0x1d d:/micro controller lab/tool/stm32cubeide/stm32cubeide_1.7.0/stm32cubeide/plugins/com.st.stm32cube.ide.mcu.externaltools.gnu-tools-for-stm32.9-2020-q2-update.win32_2.0.0.202105311346/tools/bin/../lib/gcc/arm-none-eabi/9.3.1/thumb/v7-m/nofp/crti.o
 .ARM.attributes
                0x000000000000001d       0x2d d:/micro controller lab/tool/stm32cubeide/stm32cubeide_1.7.0/stm32cubeide/plugins/com.st.stm32cube.ide.mcu.externaltools.gnu-tools-for-stm32.9-2020-q2-update.win32_2.0.0.202105311346/tools/bin/../lib/gcc/arm-none-eabi/9.3.1/thumb/v7-m/nofp/crtbegin.o
 .ARM.attributes
                0x000000000000004a       0x2d ./Core/Src/button_reading.o
 .ARM.attributes
                0x0000000000000077       0x2d ./Core/Src/buzzer.o
 .ARM.attributes
                0x00000000000000a4       0x2d ./Core/Src/display_traffic_light.o
 .ARM.attributes
                0x00000000000000d1       0x2d ./Core/Src/fsm_pedestrian.o
 .ARM.attributes
                0x00000000000000fe       0x2d ./Core/Src/fsm_traffic_light.o
 .ARM.attributes
                0x000000000000012b       0x33 ./Core/Src/global.o
 .ARM.attributes
                0x000000000000015e       0x2d ./Core/Src/main.o
 .ARM.attributes
                0x000000000000018b       0x2d ./Core/Src/stm32f1xx_hal_msp.o
 .ARM.attributes
                0x00000000000001b8       0x2d ./Core/Src/stm32f1xx_it.o
 .ARM.attributes
                0x00000000000001e5       0x2d ./Core/Src/sysmem.o
 .ARM.attributes
                0x0000000000000212       0x2d ./Core/Src/system_stm32f1xx.o
 .ARM.attributes
                0x000000000000023f       0x2d ./Core/Src/timer.o
 .ARM.attributes
                0x000000000000026c       0x2d ./Core/Src/uart.o
 .ARM.attributes
                0x0000000000000299       0x21 ./Core/Startup/startup_stm32f103c6ux.o
 .ARM.attributes
                0x00000000000002ba       0x2d ./Drivers/STM32F1xx_HAL_Driver/Src/stm32f1xx_hal.o
 .ARM.attributes
                0x00000000000002e7       0x2d ./Drivers/STM32F1xx_HAL_Driver/Src/stm32f1xx_hal_cortex.o
 .ARM.attributes
                0x0000000000000314       0x2d ./Drivers/STM32F1xx_HAL_Driver/Src/stm32f1xx_hal_dma.o
 .ARM.attributes
                0x0000000000000341       0x2d ./Drivers/STM32F1xx_HAL_Driver/Src/stm32f1xx_hal_gpio.o
 .ARM.attributes
                0x000000000000036e       0x2d ./Drivers/STM32F1xx_HAL_Driver/Src/stm32f1xx_hal_rcc.o
 .ARM.attributes
                0x000000000000039b       0x2d ./Drivers/STM32F1xx_HAL_Driver/Src/stm32f1xx_hal_tim.o
 .ARM.attributes
                0x00000000000003c8       0x2d ./Drivers/STM32F1xx_HAL_Driver/Src/stm32f1xx_hal_tim_ex.o
 .ARM.attributes
                0x00000000000003f5       0x2d ./Drivers/STM32F1xx_HAL_Driver/Src/stm32f1xx_hal_uart.o
 .ARM.attributes
                0x0000000000000422       0x2d d:/micro controller lab/tool/stm32cubeide/stm32cubeide_1.7.0/stm32cubeide/plugins/com.st.stm32cube.ide.mcu.externaltools.gnu-tools-for-stm32.9-2020-q2-update.win32_2.0.0.202105311346/tools/bin/../lib/gcc/arm-none-eabi/9.3.1/../../../../arm-none-eabi/lib/thumb/v7-m/nofp\libc_nano.a(lib_a-errno.o)
 .ARM.attributes
                0x000000000000044f       0x2d d:/micro controller lab/tool/stm32cubeide/stm32cubeide_1.7.0/stm32cubeide/plugins/com.st.stm32cube.ide.mcu.externaltools.gnu-tools-for-stm32.9-2020-q2-update.win32_2.0.0.202105311346/tools/bin/../lib/gcc/arm-none-eabi/9.3.1/../../../../arm-none-eabi/lib/thumb/v7-m/nofp\libc_nano.a(lib_a-impure.o)
 .ARM.attributes
                0x000000000000047c       0x2d d:/micro controller lab/tool/stm32cubeide/stm32cubeide_1.7.0/stm32cubeide/plugins/com.st.stm32cube.ide.mcu.externaltools.gnu-tools-for-stm32.9-2020-q2-update.win32_2.0.0.202105311346/tools/bin/../lib/gcc/arm-none-eabi/9.3.1/../../../../arm-none-eabi/lib/thumb/v7-m/nofp\libc_nano.a(lib_a-init.o)
 .ARM.attributes
                0x00000000000004a9       0x2d d:/micro controller lab/tool/stm32cubeide/stm32cubeide_1.7.0/stm32cubeide/plugins/com.st.stm32cube.ide.mcu.externaltools.gnu-tools-for-stm32.9-2020-q2-update.win32_2.0.0.202105311346/tools/bin/../lib/gcc/arm-none-eabi/9.3.1/../../../../arm-none-eabi/lib/thumb/v7-m/nofp\libc_nano.a(lib_a-memset.o)
 .ARM.attributes
                0x00000000000004d6       0x2d d:/micro controller lab/tool/stm32cubeide/stm32cubeide_1.7.0/stm32cubeide/plugins/com.st.stm32cube.ide.mcu.externaltools.gnu-tools-for-stm32.9-2020-q2-update.win32_2.0.0.202105311346/tools/bin/../lib/gcc/arm-none-eabi/9.3.1/../../../../arm-none-eabi/lib/thumb/v7-m/nofp\libc_nano.a(lib_a-sprintf.o)
 .ARM.attributes
                0x0000000000000503       0x2d d:/micro controller lab/tool/stm32cubeide/stm32cubeide_1.7.0/stm32cubeide/plugins/com.st.stm32cube.ide.mcu.externaltools.gnu-tools-for-stm32.9-2020-q2-update.win32_2.0.0.202105311346/tools/bin/../lib/gcc/arm-none-eabi/9.3.1/../../../../arm-none-eabi/lib/thumb/v7-m/nofp\libc_nano.a(lib_a-nano-svfprintf.o)
 .ARM.attributes
                0x0000000000000530       0x2d d:/micro controller lab/tool/stm32cubeide/stm32cubeide_1.7.0/stm32cubeide/plugins/com.st.stm32cube.ide.mcu.externaltools.gnu-tools-for-stm32.9-2020-q2-update.win32_2.0.0.202105311346/tools/bin/../lib/gcc/arm-none-eabi/9.3.1/../../../../arm-none-eabi/lib/thumb/v7-m/nofp\libc_nano.a(lib_a-nano-vfprintf_i.o)
 .ARM.attributes
                0x000000000000055d       0x2d d:/micro controller lab/tool/stm32cubeide/stm32cubeide_1.7.0/stm32cubeide/plugins/com.st.stm32cube.ide.mcu.externaltools.gnu-tools-for-stm32.9-2020-q2-update.win32_2.0.0.202105311346/tools/bin/../lib/gcc/arm-none-eabi/9.3.1/../../../../arm-none-eabi/lib/thumb/v7-m/nofp\libc_nano.a(lib_a-memchr-stub.o)
 .ARM.attributes
                0x000000000000058a       0x2d d:/micro controller lab/tool/stm32cubeide/stm32cubeide_1.7.0/stm32cubeide/plugins/com.st.stm32cube.ide.mcu.externaltools.gnu-tools-for-stm32.9-2020-q2-update.win32_2.0.0.202105311346/tools/bin/../lib/gcc/arm-none-eabi/9.3.1/../../../../arm-none-eabi/lib/thumb/v7-m/nofp\libc_nano.a(lib_a-memcpy-stub.o)
 .ARM.attributes
                0x00000000000005b7       0x2d d:/micro controller lab/tool/stm32cubeide/stm32cubeide_1.7.0/stm32cubeide/plugins/com.st.stm32cube.ide.mcu.externaltools.gnu-tools-for-stm32.9-2020-q2-update.win32_2.0.0.202105311346/tools/bin/../lib/gcc/arm-none-eabi/9.3.1/../../../../arm-none-eabi/lib/thumb/v7-m/nofp\libc_nano.a(lib_a-memmove.o)
 .ARM.attributes
                0x00000000000005e4       0x2d d:/micro controller lab/tool/stm32cubeide/stm32cubeide_1.7.0/stm32cubeide/plugins/com.st.stm32cube.ide.mcu.externaltools.gnu-tools-for-stm32.9-2020-q2-update.win32_2.0.0.202105311346/tools/bin/../lib/gcc/arm-none-eabi/9.3.1/../../../../arm-none-eabi/lib/thumb/v7-m/nofp\libc_nano.a(lib_a-nano-freer.o)
 .ARM.attributes
                0x0000000000000611       0x2d d:/micro controller lab/tool/stm32cubeide/stm32cubeide_1.7.0/stm32cubeide/plugins/com.st.stm32cube.ide.mcu.externaltools.gnu-tools-for-stm32.9-2020-q2-update.win32_2.0.0.202105311346/tools/bin/../lib/gcc/arm-none-eabi/9.3.1/../../../../arm-none-eabi/lib/thumb/v7-m/nofp\libc_nano.a(lib_a-nano-mallocr.o)
 .ARM.attributes
                0x000000000000063e       0x2d d:/micro controller lab/tool/stm32cubeide/stm32cubeide_1.7.0/stm32cubeide/plugins/com.st.stm32cube.ide.mcu.externaltools.gnu-tools-for-stm32.9-2020-q2-update.win32_2.0.0.202105311346/tools/bin/../lib/gcc/arm-none-eabi/9.3.1/../../../../arm-none-eabi/lib/thumb/v7-m/nofp\libc_nano.a(lib_a-nano-reallocr.o)
 .ARM.attributes
                0x000000000000066b       0x2d d:/micro controller lab/tool/stm32cubeide/stm32cubeide_1.7.0/stm32cubeide/plugins/com.st.stm32cube.ide.mcu.externaltools.gnu-tools-for-stm32.9-2020-q2-update.win32_2.0.0.202105311346/tools/bin/../lib/gcc/arm-none-eabi/9.3.1/../../../../arm-none-eabi/lib/thumb/v7-m/nofp\libc_nano.a(lib_a-sbrkr.o)
 .ARM.attributes
                0x0000000000000698       0x2d d:/micro controller lab/tool/stm32cubeide/stm32cubeide_1.7.0/stm32cubeide/plugins/com.st.stm32cube.ide.mcu.externaltools.gnu-tools-for-stm32.9-2020-q2-update.win32_2.0.0.202105311346/tools/bin/../lib/gcc/arm-none-eabi/9.3.1/../../../../arm-none-eabi/lib/thumb/v7-m/nofp\libc_nano.a(lib_a-mlock.o)
 .ARM.attributes
                0x00000000000006c5       0x2d d:/micro controller lab/tool/stm32cubeide/stm32cubeide_1.7.0/stm32cubeide/plugins/com.st.stm32cube.ide.mcu.externaltools.gnu-tools-for-stm32.9-2020-q2-update.win32_2.0.0.202105311346/tools/bin/../lib/gcc/arm-none-eabi/9.3.1/../../../../arm-none-eabi/lib/thumb/v7-m/nofp\libc_nano.a(lib_a-nano-msizer.o)
 .ARM.attributes
                0x00000000000006f2       0x2d d:/micro controller lab/tool/stm32cubeide/stm32cubeide_1.7.0/stm32cubeide/plugins/com.st.stm32cube.ide.mcu.externaltools.gnu-tools-for-stm32.9-2020-q2-update.win32_2.0.0.202105311346/tools/bin/../lib/gcc/arm-none-eabi/9.3.1/../../../../arm-none-eabi/lib/thumb/v7-m/nofp\libc_nano.a(lib_a-reent.o)
 .ARM.attributes
                0x000000000000071f       0x2d d:/micro controller lab/tool/stm32cubeide/stm32cubeide_1.7.0/stm32cubeide/plugins/com.st.stm32cube.ide.mcu.externaltools.gnu-tools-for-stm32.9-2020-q2-update.win32_2.0.0.202105311346/tools/bin/../lib/gcc/arm-none-eabi/9.3.1/../../../../arm-none-eabi/lib/thumb/v7-m/nofp\libc_nano.a(lib_a-lock.o)
 .ARM.attributes
                0x000000000000074c       0x1d d:/micro controller lab/tool/stm32cubeide/stm32cubeide_1.7.0/stm32cubeide/plugins/com.st.stm32cube.ide.mcu.externaltools.gnu-tools-for-stm32.9-2020-q2-update.win32_2.0.0.202105311346/tools/bin/../lib/gcc/arm-none-eabi/9.3.1/thumb/v7-m/nofp/crtn.o
OUTPUT(Test_For_Assignment.elf elf32-littlearm)
LOAD linker stubs
LOAD d:/micro controller lab/tool/stm32cubeide/stm32cubeide_1.7.0/stm32cubeide/plugins/com.st.stm32cube.ide.mcu.externaltools.gnu-tools-for-stm32.9-2020-q2-update.win32_2.0.0.202105311346/tools/bin/../lib/gcc/arm-none-eabi/9.3.1/../../../../arm-none-eabi/lib/thumb/v7-m/nofp\libc.a
LOAD d:/micro controller lab/tool/stm32cubeide/stm32cubeide_1.7.0/stm32cubeide/plugins/com.st.stm32cube.ide.mcu.externaltools.gnu-tools-for-stm32.9-2020-q2-update.win32_2.0.0.202105311346/tools/bin/../lib/gcc/arm-none-eabi/9.3.1/../../../../arm-none-eabi/lib/thumb/v7-m/nofp\libm.a
LOAD d:/micro controller lab/tool/stm32cubeide/stm32cubeide_1.7.0/stm32cubeide/plugins/com.st.stm32cube.ide.mcu.externaltools.gnu-tools-for-stm32.9-2020-q2-update.win32_2.0.0.202105311346/tools/bin/../lib/gcc/arm-none-eabi/9.3.1/thumb/v7-m/nofp\libgcc.a

.debug_info     0x0000000000000000    0x16471
 .debug_info    0x0000000000000000     0x155f ./Core/Src/button_reading.o
 .debug_info    0x000000000000155f     0x143c ./Core/Src/buzzer.o
 .debug_info    0x000000000000299b     0x14d1 ./Core/Src/display_traffic_light.o
 .debug_info    0x0000000000003e6c     0x14d1 ./Core/Src/fsm_pedestrian.o
 .debug_info    0x000000000000533d     0x149d ./Core/Src/fsm_traffic_light.o
 .debug_info    0x00000000000067da     0x1422 ./Core/Src/global.o
 .debug_info    0x0000000000007bfc     0x1a17 ./Core/Src/main.o
 .debug_info    0x0000000000009613      0xe1a ./Core/Src/stm32f1xx_hal_msp.o
 .debug_info    0x000000000000a42d      0xa22 ./Core/Src/stm32f1xx_it.o
 .debug_info    0x000000000000ae4f      0xa25 ./Core/Src/sysmem.o
 .debug_info    0x000000000000b874      0x2be ./Core/Src/system_stm32f1xx.o
 .debug_info    0x000000000000bb32     0x14f6 ./Core/Src/timer.o
 .debug_info    0x000000000000d028     0x143c ./Core/Src/uart.o
 .debug_info    0x000000000000e464       0x22 ./Core/Startup/startup_stm32f103c6ux.o
 .debug_info    0x000000000000e486      0x74c ./Drivers/STM32F1xx_HAL_Driver/Src/stm32f1xx_hal.o
 .debug_info    0x000000000000ebd2      0xbbe ./Drivers/STM32F1xx_HAL_Driver/Src/stm32f1xx_hal_cortex.o
 .debug_info    0x000000000000f790      0x81e ./Drivers/STM32F1xx_HAL_Driver/Src/stm32f1xx_hal_dma.o
 .debug_info    0x000000000000ffae      0x701 ./Drivers/STM32F1xx_HAL_Driver/Src/stm32f1xx_hal_gpio.o
 .debug_info    0x00000000000106af      0x88e ./Drivers/STM32F1xx_HAL_Driver/Src/stm32f1xx_hal_rcc.o
 .debug_info    0x0000000000010f3d     0x2a45 ./Drivers/STM32F1xx_HAL_Driver/Src/stm32f1xx_hal_tim.o
 .debug_info    0x0000000000013982     0x14d5 ./Drivers/STM32F1xx_HAL_Driver/Src/stm32f1xx_hal_tim_ex.o
 .debug_info    0x0000000000014e57     0x161a ./Drivers/STM32F1xx_HAL_Driver/Src/stm32f1xx_hal_uart.o

.debug_abbrev   0x0000000000000000     0x2ced
 .debug_abbrev  0x0000000000000000      0x22a ./Core/Src/button_reading.o
 .debug_abbrev  0x000000000000022a      0x1fd ./Core/Src/buzzer.o
 .debug_abbrev  0x0000000000000427      0x206 ./Core/Src/display_traffic_light.o
 .debug_abbrev  0x000000000000062d      0x206 ./Core/Src/fsm_pedestrian.o
 .debug_abbrev  0x0000000000000833      0x25f ./Core/Src/fsm_traffic_light.o
 .debug_abbrev  0x0000000000000a92      0x1e1 ./Core/Src/global.o
 .debug_abbrev  0x0000000000000c73      0x30a ./Core/Src/main.o
 .debug_abbrev  0x0000000000000f7d      0x1c8 ./Core/Src/stm32f1xx_hal_msp.o
 .debug_abbrev  0x0000000000001145      0x176 ./Core/Src/stm32f1xx_it.o
 .debug_abbrev  0x00000000000012bb      0x1bf ./Core/Src/sysmem.o
 .debug_abbrev  0x000000000000147a      0x14e ./Core/Src/system_stm32f1xx.o
 .debug_abbrev  0x00000000000015c8      0x244 ./Core/Src/timer.o
 .debug_abbrev  0x000000000000180c      0x1fd ./Core/Src/uart.o
 .debug_abbrev  0x0000000000001a09       0x12 ./Core/Startup/startup_stm32f103c6ux.o
 .debug_abbrev  0x0000000000001a1b      0x1ed ./Drivers/STM32F1xx_HAL_Driver/Src/stm32f1xx_hal.o
 .debug_abbrev  0x0000000000001c08      0x313 ./Drivers/STM32F1xx_HAL_Driver/Src/stm32f1xx_hal_cortex.o
 .debug_abbrev  0x0000000000001f1b      0x228 ./Drivers/STM32F1xx_HAL_Driver/Src/stm32f1xx_hal_dma.o
 .debug_abbrev  0x0000000000002143      0x1e8 ./Drivers/STM32F1xx_HAL_Driver/Src/stm32f1xx_hal_gpio.o
 .debug_abbrev  0x000000000000232b      0x273 ./Drivers/STM32F1xx_HAL_Driver/Src/stm32f1xx_hal_rcc.o
 .debug_abbrev  0x000000000000259e      0x25e ./Drivers/STM32F1xx_HAL_Driver/Src/stm32f1xx_hal_tim.o
 .debug_abbrev  0x00000000000027fc      0x266 ./Drivers/STM32F1xx_HAL_Driver/Src/stm32f1xx_hal_tim_ex.o
 .debug_abbrev  0x0000000000002a62      0x28b ./Drivers/STM32F1xx_HAL_Driver/Src/stm32f1xx_hal_uart.o

.debug_aranges  0x0000000000000000      0xd38
 .debug_aranges
                0x0000000000000000       0x20 ./Core/Src/button_reading.o
 .debug_aranges
                0x0000000000000020       0x20 ./Core/Src/buzzer.o
 .debug_aranges
                0x0000000000000040       0x20 ./Core/Src/display_traffic_light.o
 .debug_aranges
                0x0000000000000060       0x20 ./Core/Src/fsm_pedestrian.o
 .debug_aranges
                0x0000000000000080       0x38 ./Core/Src/fsm_traffic_light.o
 .debug_aranges
                0x00000000000000b8       0x18 ./Core/Src/global.o
 .debug_aranges
                0x00000000000000d0       0x58 ./Core/Src/main.o
 .debug_aranges
                0x0000000000000128       0x48 ./Core/Src/stm32f1xx_hal_msp.o
 .debug_aranges
                0x0000000000000170       0x70 ./Core/Src/stm32f1xx_it.o
 .debug_aranges
                0x00000000000001e0       0x20 ./Core/Src/sysmem.o
 .debug_aranges
                0x0000000000000200       0x28 ./Core/Src/system_stm32f1xx.o
 .debug_aranges
                0x0000000000000228       0x48 ./Core/Src/timer.o
 .debug_aranges
                0x0000000000000270       0x20 ./Core/Src/uart.o
 .debug_aranges
                0x0000000000000290       0x28 ./Core/Startup/startup_stm32f103c6ux.o
 .debug_aranges
                0x00000000000002b8       0xe0 ./Drivers/STM32F1xx_HAL_Driver/Src/stm32f1xx_hal.o
 .debug_aranges
                0x0000000000000398      0x100 ./Drivers/STM32F1xx_HAL_Driver/Src/stm32f1xx_hal_cortex.o
 .debug_aranges
                0x0000000000000498       0x80 ./Drivers/STM32F1xx_HAL_Driver/Src/stm32f1xx_hal_dma.o
 .debug_aranges
                0x0000000000000518       0x58 ./Drivers/STM32F1xx_HAL_Driver/Src/stm32f1xx_hal_gpio.o
 .debug_aranges
                0x0000000000000570       0x90 ./Drivers/STM32F1xx_HAL_Driver/Src/stm32f1xx_hal_rcc.o
 .debug_aranges
                0x0000000000000600      0x3d0 ./Drivers/STM32F1xx_HAL_Driver/Src/stm32f1xx_hal_tim.o
 .debug_aranges
                0x00000000000009d0      0x168 ./Drivers/STM32F1xx_HAL_Driver/Src/stm32f1xx_hal_tim_ex.o
 .debug_aranges
                0x0000000000000b38      0x200 ./Drivers/STM32F1xx_HAL_Driver/Src/stm32f1xx_hal_uart.o

.debug_ranges   0x0000000000000000      0xc08
 .debug_ranges  0x0000000000000000       0x10 ./Core/Src/button_reading.o
 .debug_ranges  0x0000000000000010       0x10 ./Core/Src/buzzer.o
 .debug_ranges  0x0000000000000020       0x10 ./Core/Src/display_traffic_light.o
 .debug_ranges  0x0000000000000030       0x10 ./Core/Src/fsm_pedestrian.o
 .debug_ranges  0x0000000000000040       0x28 ./Core/Src/fsm_traffic_light.o
 .debug_ranges  0x0000000000000068       0x48 ./Core/Src/main.o
 .debug_ranges  0x00000000000000b0       0x38 ./Core/Src/stm32f1xx_hal_msp.o
 .debug_ranges  0x00000000000000e8       0x60 ./Core/Src/stm32f1xx_it.o
 .debug_ranges  0x0000000000000148       0x10 ./Core/Src/sysmem.o
 .debug_ranges  0x0000000000000158       0x18 ./Core/Src/system_stm32f1xx.o
 .debug_ranges  0x0000000000000170       0x38 ./Core/Src/timer.o
 .debug_ranges  0x00000000000001a8       0x10 ./Core/Src/uart.o
 .debug_ranges  0x00000000000001b8       0x20 ./Core/Startup/startup_stm32f103c6ux.o
 .debug_ranges  0x00000000000001d8       0xd0 ./Drivers/STM32F1xx_HAL_Driver/Src/stm32f1xx_hal.o
 .debug_ranges  0x00000000000002a8       0xf0 ./Drivers/STM32F1xx_HAL_Driver/Src/stm32f1xx_hal_cortex.o
 .debug_ranges  0x0000000000000398       0x70 ./Drivers/STM32F1xx_HAL_Driver/Src/stm32f1xx_hal_dma.o
 .debug_ranges  0x0000000000000408       0x48 ./Drivers/STM32F1xx_HAL_Driver/Src/stm32f1xx_hal_gpio.o
 .debug_ranges  0x0000000000000450       0x80 ./Drivers/STM32F1xx_HAL_Driver/Src/stm32f1xx_hal_rcc.o
 .debug_ranges  0x00000000000004d0      0x3c0 ./Drivers/STM32F1xx_HAL_Driver/Src/stm32f1xx_hal_tim.o
 .debug_ranges  0x0000000000000890      0x158 ./Drivers/STM32F1xx_HAL_Driver/Src/stm32f1xx_hal_tim_ex.o
 .debug_ranges  0x00000000000009e8      0x220 ./Drivers/STM32F1xx_HAL_Driver/Src/stm32f1xx_hal_uart.o

.debug_macro    0x0000000000000000    0x1980d
 .debug_macro   0x0000000000000000      0x3d2 ./Core/Src/button_reading.o
 .debug_macro   0x00000000000003d2      0xa9c ./Core/Src/button_reading.o
 .debug_macro   0x0000000000000e6e      0x21b ./Core/Src/button_reading.o
 .debug_macro   0x0000000000001089       0x2e ./Core/Src/button_reading.o
 .debug_macro   0x00000000000010b7       0x22 ./Core/Src/button_reading.o
 .debug_macro   0x00000000000010d9       0x22 ./Core/Src/button_reading.o
 .debug_macro   0x00000000000010fb       0x8e ./Core/Src/button_reading.o
 .debug_macro   0x0000000000001189       0x51 ./Core/Src/button_reading.o
 .debug_macro   0x00000000000011da      0x103 ./Core/Src/button_reading.o
 .debug_macro   0x00000000000012dd       0x6a ./Core/Src/button_reading.o
 .debug_macro   0x0000000000001347      0x1df ./Core/Src/button_reading.o
 .debug_macro   0x0000000000001526       0x1c ./Core/Src/button_reading.o
 .debug_macro   0x0000000000001542       0x22 ./Core/Src/button_reading.o
 .debug_macro   0x0000000000001564       0xc3 ./Core/Src/button_reading.o
 .debug_macro   0x0000000000001627      0xd23 ./Core/Src/button_reading.o
 .debug_macro   0x000000000000234a     0xde75 ./Core/Src/button_reading.o
 .debug_macro   0x00000000000101bf       0x6d ./Core/Src/button_reading.o
 .debug_macro   0x000000000001022c     0x3468 ./Core/Src/button_reading.o
 .debug_macro   0x0000000000013694      0x174 ./Core/Src/button_reading.o
 .debug_macro   0x0000000000013808       0x5c ./Core/Src/button_reading.o
 .debug_macro   0x0000000000013864      0x5be ./Core/Src/button_reading.o
 .debug_macro   0x0000000000013e22      0x1b7 ./Core/Src/button_reading.o
 .debug_macro   0x0000000000013fd9      0x1cb ./Core/Src/button_reading.o
 .debug_macro   0x00000000000141a4      0x114 ./Core/Src/button_reading.o
 .debug_macro   0x00000000000142b8      0x1b2 ./Core/Src/button_reading.o
 .debug_macro   0x000000000001446a       0x27 ./Core/Src/button_reading.o
 .debug_macro   0x0000000000014491      0x12f ./Core/Src/button_reading.o
 .debug_macro   0x00000000000145c0      0x1bc ./Core/Src/button_reading.o
 .debug_macro   0x000000000001477c       0x34 ./Core/Src/button_reading.o
 .debug_macro   0x00000000000147b0       0x3c ./Core/Src/button_reading.o
 .debug_macro   0x00000000000147ec       0x57 ./Core/Src/button_reading.o
 .debug_macro   0x0000000000014843       0x88 ./Core/Src/button_reading.o
 .debug_macro   0x00000000000148cb      0x183 ./Core/Src/button_reading.o
 .debug_macro   0x0000000000014a4e      0x141 ./Core/Src/button_reading.o
 .debug_macro   0x0000000000014b8f      0x8d1 ./Core/Src/button_reading.o
 .debug_macro   0x0000000000015460      0x279 ./Core/Src/button_reading.o
 .debug_macro   0x00000000000156d9       0x69 ./Core/Src/button_reading.o
 .debug_macro   0x0000000000015742       0x88 ./Core/Src/button_reading.o
 .debug_macro   0x00000000000157ca       0x18 ./Core/Src/button_reading.o
 .debug_macro   0x00000000000157e2       0x52 ./Core/Src/button_reading.o
 .debug_macro   0x0000000000015834       0x3c ./Core/Src/button_reading.o
 .debug_macro   0x0000000000015870       0x34 ./Core/Src/button_reading.o
 .debug_macro   0x00000000000158a4       0x16 ./Core/Src/button_reading.o
 .debug_macro   0x00000000000158ba       0x35 ./Core/Src/button_reading.o
 .debug_macro   0x00000000000158ef       0x16 ./Core/Src/button_reading.o
 .debug_macro   0x0000000000015905       0x43 ./Core/Src/button_reading.o
 .debug_macro   0x0000000000015948       0x34 ./Core/Src/button_reading.o
 .debug_macro   0x000000000001597c       0x10 ./Core/Src/button_reading.o
 .debug_macro   0x000000000001598c       0x58 ./Core/Src/button_reading.o
 .debug_macro   0x00000000000159e4       0x71 ./Core/Src/button_reading.o
 .debug_macro   0x0000000000015a55       0x1c ./Core/Src/button_reading.o
 .debug_macro   0x0000000000015a71      0x12a ./Core/Src/button_reading.o
 .debug_macro   0x0000000000015b9b      0x333 ./Core/Src/button_reading.o
 .debug_macro   0x0000000000015ece       0x16 ./Core/Src/button_reading.o
 .debug_macro   0x0000000000015ee4       0x29 ./Core/Src/button_reading.o
 .debug_macro   0x0000000000015f0d       0x1c ./Core/Src/button_reading.o
 .debug_macro   0x0000000000015f29       0x10 ./Core/Src/button_reading.o
 .debug_macro   0x0000000000015f39       0x10 ./Core/Src/button_reading.o
 .debug_macro   0x0000000000015f49       0x1c ./Core/Src/button_reading.o
 .debug_macro   0x0000000000015f65       0x52 ./Core/Src/button_reading.o
 .debug_macro   0x0000000000015fb7       0x22 ./Core/Src/button_reading.o
 .debug_macro   0x0000000000015fd9       0x10 ./Core/Src/button_reading.o
 .debug_macro   0x0000000000015fe9       0x40 ./Core/Src/button_reading.o
 .debug_macro   0x0000000000016029       0xd5 ./Core/Src/button_reading.o
 .debug_macro   0x00000000000160fe       0x1c ./Core/Src/button_reading.o
 .debug_macro   0x000000000001611a       0x3d ./Core/Src/button_reading.o
 .debug_macro   0x0000000000016157       0x16 ./Core/Src/button_reading.o
 .debug_macro   0x000000000001616d      0x145 ./Core/Src/button_reading.o
 .debug_macro   0x00000000000162b2       0x16 ./Core/Src/button_reading.o
 .debug_macro   0x00000000000162c8       0x20 ./Core/Src/button_reading.o
 .debug_macro   0x00000000000162e8       0x8e ./Core/Src/button_reading.o
 .debug_macro   0x0000000000016376       0x10 ./Core/Src/button_reading.o
 .debug_macro   0x0000000000016386      0x3d2 ./Core/Src/buzzer.o
 .debug_macro   0x0000000000016758      0x3d2 ./Core/Src/display_traffic_light.o
 .debug_macro   0x0000000000016b2a      0x3d2 ./Core/Src/fsm_pedestrian.o
 .debug_macro   0x0000000000016efc      0x3d2 ./Core/Src/fsm_traffic_light.o
 .debug_macro   0x00000000000172ce      0x3ce ./Core/Src/global.o
 .debug_macro   0x000000000001769c      0x3d2 ./Core/Src/main.o
 .debug_macro   0x0000000000017a6e      0x1b1 ./Core/Src/stm32f1xx_hal_msp.o
 .debug_macro   0x0000000000017c1f      0x1bb ./Core/Src/stm32f1xx_it.o
 .debug_macro   0x0000000000017dda       0xff ./Core/Src/sysmem.o
 .debug_macro   0x0000000000017ed9      0x23b ./Core/Src/sysmem.o
 .debug_macro   0x0000000000018114      0x1a2 ./Core/Src/system_stm32f1xx.o
 .debug_macro   0x00000000000182b6      0x3d2 ./Core/Src/timer.o
 .debug_macro   0x0000000000018688      0x3d2 ./Core/Src/uart.o
 .debug_macro   0x0000000000018a5a      0x1c6 ./Drivers/STM32F1xx_HAL_Driver/Src/stm32f1xx_hal.o
 .debug_macro   0x0000000000018c20      0x1a2 ./Drivers/STM32F1xx_HAL_Driver/Src/stm32f1xx_hal_cortex.o
 .debug_macro   0x0000000000018dc2      0x1a2 ./Drivers/STM32F1xx_HAL_Driver/Src/stm32f1xx_hal_dma.o
 .debug_macro   0x0000000000018f64      0x20d ./Drivers/STM32F1xx_HAL_Driver/Src/stm32f1xx_hal_gpio.o
 .debug_macro   0x0000000000019171      0x1b4 ./Drivers/STM32F1xx_HAL_Driver/Src/stm32f1xx_hal_rcc.o
 .debug_macro   0x0000000000019325      0x1a3 ./Drivers/STM32F1xx_HAL_Driver/Src/stm32f1xx_hal_tim.o
 .debug_macro   0x00000000000194c8      0x1a2 ./Drivers/STM32F1xx_HAL_Driver/Src/stm32f1xx_hal_tim_ex.o
 .debug_macro   0x000000000001966a      0x1a3 ./Drivers/STM32F1xx_HAL_Driver/Src/stm32f1xx_hal_uart.o

.debug_line     0x0000000000000000    0x12bea
 .debug_line    0x0000000000000000      0xafb ./Core/Src/button_reading.o
 .debug_line    0x0000000000000afb      0xafa ./Core/Src/buzzer.o
 .debug_line    0x00000000000015f5      0xabd ./Core/Src/display_traffic_light.o
 .debug_line    0x00000000000020b2      0xac5 ./Core/Src/fsm_pedestrian.o
 .debug_line    0x0000000000002b77      0xdaa ./Core/Src/fsm_traffic_light.o
 .debug_line    0x0000000000003921      0xa58 ./Core/Src/global.o
 .debug_line    0x0000000000004379      0xc78 ./Core/Src/main.o
 .debug_line    0x0000000000004ff1      0x877 ./Core/Src/stm32f1xx_hal_msp.o
 .debug_line    0x0000000000005868      0x88c ./Core/Src/stm32f1xx_it.o
 .debug_line    0x00000000000060f4      0x639 ./Core/Src/sysmem.o
 .debug_line    0x000000000000672d      0x818 ./Core/Src/system_stm32f1xx.o
 .debug_line    0x0000000000006f45      0xb47 ./Core/Src/timer.o
 .debug_line    0x0000000000007a8c      0xab1 ./Core/Src/uart.o
 .debug_line    0x000000000000853d       0x87 ./Core/Startup/startup_stm32f103c6ux.o
 .debug_line    0x00000000000085c4      0xa45 ./Drivers/STM32F1xx_HAL_Driver/Src/stm32f1xx_hal.o
 .debug_line    0x0000000000009009      0xc2d ./Drivers/STM32F1xx_HAL_Driver/Src/stm32f1xx_hal_cortex.o
 .debug_line    0x0000000000009c36      0xe9d ./Drivers/STM32F1xx_HAL_Driver/Src/stm32f1xx_hal_dma.o
 .debug_line    0x000000000000aad3      0xac6 ./Drivers/STM32F1xx_HAL_Driver/Src/stm32f1xx_hal_gpio.o
 .debug_line    0x000000000000b599      0xe53 ./Drivers/STM32F1xx_HAL_Driver/Src/stm32f1xx_hal_rcc.o
 .debug_line    0x000000000000c3ec     0x33a3 ./Drivers/STM32F1xx_HAL_Driver/Src/stm32f1xx_hal_tim.o
 .debug_line    0x000000000000f78f     0x193b ./Drivers/STM32F1xx_HAL_Driver/Src/stm32f1xx_hal_tim_ex.o
 .debug_line    0x00000000000110ca     0x1b20 ./Drivers/STM32F1xx_HAL_Driver/Src/stm32f1xx_hal_uart.o

.debug_str      0x0000000000000000    0x88ef5
 .debug_str     0x0000000000000000    0x85af7 ./Core/Src/button_reading.o
                                      0x85f88 (size before relaxing)
 .debug_str     0x0000000000085af7       0x20 ./Core/Src/buzzer.o
                                      0x85f16 (size before relaxing)
 .debug_str     0x0000000000085b17       0x3a ./Core/Src/display_traffic_light.o
                                      0x85f4d (size before relaxing)
 .debug_str     0x0000000000085b51       0x2c ./Core/Src/fsm_pedestrian.o
                                      0x85f3f (size before relaxing)
 .debug_str     0x0000000000085b7d       0x7c ./Core/Src/fsm_traffic_light.o
                                      0x85f72 (size before relaxing)
 .debug_str     0x0000000000085bf9       0x15 ./Core/Src/global.o
                                      0x85f0b (size before relaxing)
 .debug_str     0x0000000000085c0e      0x3e3 ./Core/Src/main.o
                                      0x86327 (size before relaxing)
 .debug_str     0x0000000000085ff1      0x2f8 ./Core/Src/stm32f1xx_hal_msp.o
                                      0x81d2c (size before relaxing)
 .debug_str     0x00000000000862e9       0xdf ./Core/Src/stm32f1xx_it.o
                                      0x81a21 (size before relaxing)
 .debug_str     0x00000000000863c8      0x4e9 ./Core/Src/sysmem.o
                                       0x625f (size before relaxing)
 .debug_str     0x00000000000868b1       0x52 ./Core/Src/system_stm32f1xx.o
                                      0x810cc (size before relaxing)
 .debug_str     0x0000000000086903       0x58 ./Core/Src/timer.o
                                      0x85f4e (size before relaxing)
 .debug_str     0x000000000008695b       0x21 ./Core/Src/uart.o
                                      0x85f17 (size before relaxing)
 .debug_str     0x000000000008697c       0x36 ./Core/Startup/startup_stm32f103c6ux.o
                                         0x73 (size before relaxing)
 .debug_str     0x00000000000869b2      0x304 ./Drivers/STM32F1xx_HAL_Driver/Src/stm32f1xx_hal.o
                                      0x81723 (size before relaxing)
 .debug_str     0x0000000000086cb6      0x300 ./Drivers/STM32F1xx_HAL_Driver/Src/stm32f1xx_hal_cortex.o
                                      0x8172b (size before relaxing)
 .debug_str     0x0000000000086fb6      0x235 ./Drivers/STM32F1xx_HAL_Driver/Src/stm32f1xx_hal_dma.o
                                      0x814a7 (size before relaxing)
 .debug_str     0x00000000000871eb      0x311 ./Drivers/STM32F1xx_HAL_Driver/Src/stm32f1xx_hal_gpio.o
                                      0x81490 (size before relaxing)
 .debug_str     0x00000000000874fc      0x24f ./Drivers/STM32F1xx_HAL_Driver/Src/stm32f1xx_hal_rcc.o
                                      0x814c9 (size before relaxing)
 .debug_str     0x000000000008774b      0xd68 ./Drivers/STM32F1xx_HAL_Driver/Src/stm32f1xx_hal_tim.o
                                      0x8249b (size before relaxing)
 .debug_str     0x00000000000884b3      0x45a ./Drivers/STM32F1xx_HAL_Driver/Src/stm32f1xx_hal_tim_ex.o
                                      0x81c4c (size before relaxing)
 .debug_str     0x000000000008890d      0x5e8 ./Drivers/STM32F1xx_HAL_Driver/Src/stm32f1xx_hal_uart.o
                                      0x81abb (size before relaxing)

.comment        0x0000000000000000       0x53
 .comment       0x0000000000000000       0x53 ./Core/Src/button_reading.o
                                         0x54 (size before relaxing)
 .comment       0x0000000000000053       0x54 ./Core/Src/buzzer.o
 .comment       0x0000000000000053       0x54 ./Core/Src/display_traffic_light.o
 .comment       0x0000000000000053       0x54 ./Core/Src/fsm_pedestrian.o
 .comment       0x0000000000000053       0x54 ./Core/Src/fsm_traffic_light.o
 .comment       0x0000000000000053       0x54 ./Core/Src/global.o
 .comment       0x0000000000000053       0x54 ./Core/Src/main.o
 .comment       0x0000000000000053       0x54 ./Core/Src/stm32f1xx_hal_msp.o
 .comment       0x0000000000000053       0x54 ./Core/Src/stm32f1xx_it.o
 .comment       0x0000000000000053       0x54 ./Core/Src/sysmem.o
 .comment       0x0000000000000053       0x54 ./Core/Src/system_stm32f1xx.o
 .comment       0x0000000000000053       0x54 ./Core/Src/timer.o
 .comment       0x0000000000000053       0x54 ./Core/Src/uart.o
 .comment       0x0000000000000053       0x54 ./Drivers/STM32F1xx_HAL_Driver/Src/stm32f1xx_hal.o
 .comment       0x0000000000000053       0x54 ./Drivers/STM32F1xx_HAL_Driver/Src/stm32f1xx_hal_cortex.o
 .comment       0x0000000000000053       0x54 ./Drivers/STM32F1xx_HAL_Driver/Src/stm32f1xx_hal_dma.o
 .comment       0x0000000000000053       0x54 ./Drivers/STM32F1xx_HAL_Driver/Src/stm32f1xx_hal_gpio.o
 .comment       0x0000000000000053       0x54 ./Drivers/STM32F1xx_HAL_Driver/Src/stm32f1xx_hal_rcc.o
 .comment       0x0000000000000053       0x54 ./Drivers/STM32F1xx_HAL_Driver/Src/stm32f1xx_hal_tim.o
 .comment       0x0000000000000053       0x54 ./Drivers/STM32F1xx_HAL_Driver/Src/stm32f1xx_hal_tim_ex.o
 .comment       0x0000000000000053       0x54 ./Drivers/STM32F1xx_HAL_Driver/Src/stm32f1xx_hal_uart.o

.debug_frame    0x0000000000000000     0x3870
 .debug_frame   0x0000000000000000       0x34 ./Core/Src/button_reading.o
 .debug_frame   0x0000000000000034       0x2c ./Core/Src/buzzer.o
 .debug_frame   0x0000000000000060       0x2c ./Core/Src/display_traffic_light.o
 .debug_frame   0x000000000000008c       0x2c ./Core/Src/fsm_pedestrian.o
 .debug_frame   0x00000000000000b8       0x90 ./Core/Src/fsm_traffic_light.o
 .debug_frame   0x0000000000000148      0x114 ./Core/Src/main.o
 .debug_frame   0x000000000000025c       0xec ./Core/Src/stm32f1xx_hal_msp.o
 .debug_frame   0x0000000000000348      0x13c ./Core/Src/stm32f1xx_it.o
 .debug_frame   0x0000000000000484       0x34 ./Core/Src/sysmem.o
 .debug_frame   0x00000000000004b8       0x58 ./Core/Src/system_stm32f1xx.o
 .debug_frame   0x0000000000000510       0xf8 ./Core/Src/timer.o
 .debug_frame   0x0000000000000608       0x2c ./Core/Src/uart.o
 .debug_frame   0x0000000000000634      0x334 ./Drivers/STM32F1xx_HAL_Driver/Src/stm32f1xx_hal.o
 .debug_frame   0x0000000000000968      0x428 ./Drivers/STM32F1xx_HAL_Driver/Src/stm32f1xx_hal_cortex.o
 .debug_frame   0x0000000000000d90      0x208 ./Drivers/STM32F1xx_HAL_Driver/Src/stm32f1xx_hal_dma.o
 .debug_frame   0x0000000000000f98      0x14c ./Drivers/STM32F1xx_HAL_Driver/Src/stm32f1xx_hal_gpio.o
 .debug_frame   0x00000000000010e4      0x21c ./Drivers/STM32F1xx_HAL_Driver/Src/stm32f1xx_hal_rcc.o
 .debug_frame   0x0000000000001300     0x11b8 ./Drivers/STM32F1xx_HAL_Driver/Src/stm32f1xx_hal_tim.o
 .debug_frame   0x00000000000024b8      0x638 ./Drivers/STM32F1xx_HAL_Driver/Src/stm32f1xx_hal_tim_ex.o
 .debug_frame   0x0000000000002af0      0x914 ./Drivers/STM32F1xx_HAL_Driver/Src/stm32f1xx_hal_uart.o
 .debug_frame   0x0000000000003404       0x20 d:/micro controller lab/tool/stm32cubeide/stm32cubeide_1.7.0/stm32cubeide/plugins/com.st.stm32cube.ide.mcu.externaltools.gnu-tools-for-stm32.9-2020-q2-update.win32_2.0.0.202105311346/tools/bin/../lib/gcc/arm-none-eabi/9.3.1/../../../../arm-none-eabi/lib/thumb/v7-m/nofp\libc_nano.a(lib_a-errno.o)
 .debug_frame   0x0000000000003424       0x2c d:/micro controller lab/tool/stm32cubeide/stm32cubeide_1.7.0/stm32cubeide/plugins/com.st.stm32cube.ide.mcu.externaltools.gnu-tools-for-stm32.9-2020-q2-update.win32_2.0.0.202105311346/tools/bin/../lib/gcc/arm-none-eabi/9.3.1/../../../../arm-none-eabi/lib/thumb/v7-m/nofp\libc_nano.a(lib_a-init.o)
 .debug_frame   0x0000000000003450       0x20 d:/micro controller lab/tool/stm32cubeide/stm32cubeide_1.7.0/stm32cubeide/plugins/com.st.stm32cube.ide.mcu.externaltools.gnu-tools-for-stm32.9-2020-q2-update.win32_2.0.0.202105311346/tools/bin/../lib/gcc/arm-none-eabi/9.3.1/../../../../arm-none-eabi/lib/thumb/v7-m/nofp\libc_nano.a(lib_a-memset.o)
 .debug_frame   0x0000000000003470       0x6c d:/micro controller lab/tool/stm32cubeide/stm32cubeide_1.7.0/stm32cubeide/plugins/com.st.stm32cube.ide.mcu.externaltools.gnu-tools-for-stm32.9-2020-q2-update.win32_2.0.0.202105311346/tools/bin/../lib/gcc/arm-none-eabi/9.3.1/../../../../arm-none-eabi/lib/thumb/v7-m/nofp\libc_nano.a(lib_a-sprintf.o)
 .debug_frame   0x00000000000034dc       0x90 d:/micro controller lab/tool/stm32cubeide/stm32cubeide_1.7.0/stm32cubeide/plugins/com.st.stm32cube.ide.mcu.externaltools.gnu-tools-for-stm32.9-2020-q2-update.win32_2.0.0.202105311346/tools/bin/../lib/gcc/arm-none-eabi/9.3.1/../../../../arm-none-eabi/lib/thumb/v7-m/nofp\libc_nano.a(lib_a-nano-svfprintf.o)
 .debug_frame   0x000000000000356c       0x60 d:/micro controller lab/tool/stm32cubeide/stm32cubeide_1.7.0/stm32cubeide/plugins/com.st.stm32cube.ide.mcu.externaltools.gnu-tools-for-stm32.9-2020-q2-update.win32_2.0.0.202105311346/tools/bin/../lib/gcc/arm-none-eabi/9.3.1/../../../../arm-none-eabi/lib/thumb/v7-m/nofp\libc_nano.a(lib_a-nano-vfprintf_i.o)
 .debug_frame   0x00000000000035cc       0x28 d:/micro controller lab/tool/stm32cubeide/stm32cubeide_1.7.0/stm32cubeide/plugins/com.st.stm32cube.ide.mcu.externaltools.gnu-tools-for-stm32.9-2020-q2-update.win32_2.0.0.202105311346/tools/bin/../lib/gcc/arm-none-eabi/9.3.1/../../../../arm-none-eabi/lib/thumb/v7-m/nofp\libc_nano.a(lib_a-memchr-stub.o)
 .debug_frame   0x00000000000035f4       0x28 d:/micro controller lab/tool/stm32cubeide/stm32cubeide_1.7.0/stm32cubeide/plugins/com.st.stm32cube.ide.mcu.externaltools.gnu-tools-for-stm32.9-2020-q2-update.win32_2.0.0.202105311346/tools/bin/../lib/gcc/arm-none-eabi/9.3.1/../../../../arm-none-eabi/lib/thumb/v7-m/nofp\libc_nano.a(lib_a-memcpy-stub.o)
 .debug_frame   0x000000000000361c       0x28 d:/micro controller lab/tool/stm32cubeide/stm32cubeide_1.7.0/stm32cubeide/plugins/com.st.stm32cube.ide.mcu.externaltools.gnu-tools-for-stm32.9-2020-q2-update.win32_2.0.0.202105311346/tools/bin/../lib/gcc/arm-none-eabi/9.3.1/../../../../arm-none-eabi/lib/thumb/v7-m/nofp\libc_nano.a(lib_a-memmove.o)
 .debug_frame   0x0000000000003644       0x38 d:/micro controller lab/tool/stm32cubeide/stm32cubeide_1.7.0/stm32cubeide/plugins/com.st.stm32cube.ide.mcu.externaltools.gnu-tools-for-stm32.9-2020-q2-update.win32_2.0.0.202105311346/tools/bin/../lib/gcc/arm-none-eabi/9.3.1/../../../../arm-none-eabi/lib/thumb/v7-m/nofp\libc_nano.a(lib_a-nano-freer.o)
 .debug_frame   0x000000000000367c       0x30 d:/micro controller lab/tool/stm32cubeide/stm32cubeide_1.7.0/stm32cubeide/plugins/com.st.stm32cube.ide.mcu.externaltools.gnu-tools-for-stm32.9-2020-q2-update.win32_2.0.0.202105311346/tools/bin/../lib/gcc/arm-none-eabi/9.3.1/../../../../arm-none-eabi/lib/thumb/v7-m/nofp\libc_nano.a(lib_a-nano-mallocr.o)
 .debug_frame   0x00000000000036ac       0x3c d:/micro controller lab/tool/stm32cubeide/stm32cubeide_1.7.0/stm32cubeide/plugins/com.st.stm32cube.ide.mcu.externaltools.gnu-tools-for-stm32.9-2020-q2-update.win32_2.0.0.202105311346/tools/bin/../lib/gcc/arm-none-eabi/9.3.1/../../../../arm-none-eabi/lib/thumb/v7-m/nofp\libc_nano.a(lib_a-nano-reallocr.o)
 .debug_frame   0x00000000000036e8       0x2c d:/micro controller lab/tool/stm32cubeide/stm32cubeide_1.7.0/stm32cubeide/plugins/com.st.stm32cube.ide.mcu.externaltools.gnu-tools-for-stm32.9-2020-q2-update.win32_2.0.0.202105311346/tools/bin/../lib/gcc/arm-none-eabi/9.3.1/../../../../arm-none-eabi/lib/thumb/v7-m/nofp\libc_nano.a(lib_a-sbrkr.o)
 .debug_frame   0x0000000000003714       0x30 d:/micro controller lab/tool/stm32cubeide/stm32cubeide_1.7.0/stm32cubeide/plugins/com.st.stm32cube.ide.mcu.externaltools.gnu-tools-for-stm32.9-2020-q2-update.win32_2.0.0.202105311346/tools/bin/../lib/gcc/arm-none-eabi/9.3.1/../../../../arm-none-eabi/lib/thumb/v7-m/nofp\libc_nano.a(lib_a-mlock.o)
 .debug_frame   0x0000000000003744       0x20 d:/micro controller lab/tool/stm32cubeide/stm32cubeide_1.7.0/stm32cubeide/plugins/com.st.stm32cube.ide.mcu.externaltools.gnu-tools-for-stm32.9-2020-q2-update.win32_2.0.0.202105311346/tools/bin/../lib/gcc/arm-none-eabi/9.3.1/../../../../arm-none-eabi/lib/thumb/v7-m/nofp\libc_nano.a(lib_a-nano-msizer.o)
 .debug_frame   0x0000000000003764       0x5c d:/micro controller lab/tool/stm32cubeide/stm32cubeide_1.7.0/stm32cubeide/plugins/com.st.stm32cube.ide.mcu.externaltools.gnu-tools-for-stm32.9-2020-q2-update.win32_2.0.0.202105311346/tools/bin/../lib/gcc/arm-none-eabi/9.3.1/../../../../arm-none-eabi/lib/thumb/v7-m/nofp\libc_nano.a(lib_a-reent.o)
 .debug_frame   0x00000000000037c0       0xb0 d:/micro controller lab/tool/stm32cubeide/stm32cubeide_1.7.0/stm32cubeide/plugins/com.st.stm32cube.ide.mcu.externaltools.gnu-tools-for-stm32.9-2020-q2-update.win32_2.0.0.202105311346/tools/bin/../lib/gcc/arm-none-eabi/9.3.1/../../../../arm-none-eabi/lib/thumb/v7-m/nofp\libc_nano.a(lib_a-lock.o)